Archive member included because of file (symbol)

contiki-sky.a(serial-shell.o)
                              collect-view-shell.co (serial_shell_init)
contiki-sky.a(shell.o)        contiki-sky.a(serial-shell.o) (shell_input)
contiki-sky.a(shell-reboot.o)
                              collect-view-shell.co (shell_reboot_init)
contiki-sky.a(shell-blink.o)  collect-view-shell.co (shell_blink_init)
contiki-sky.a(shell-text.o)   collect-view-shell.co (shell_text_init)
contiki-sky.a(shell-time.o)   collect-view-shell.co (shell_time_init)
contiki-sky.a(shell-powertrac)
                              collect-view-shell.co (shell_powertrace_init)
contiki-sky.a(shell-rime.o)   collect-view-shell.co (shell_rime_init)
contiki-sky.a(shell-rime-netc)
                              collect-view-shell.co (shell_rime_netcmd_init)
contiki-sky.a(shell-collect-v)
                              collect-view-shell.co (shell_collect_view_init)
contiki-sky.a(shell-sky.o)    collect-view-shell.co (shell_sky_init)
contiki-sky.a(contiki-sky-pla)
                              obj_sky/contiki-sky-main.o (init_platform)
contiki-sky.a(sht11-sensor.o)
                              contiki-sky.a(shell-sky.o) (sht11_sensor)
contiki-sky.a(light-sensor.o)
                              contiki-sky.a(shell-sky.o) (light_sensor)
contiki-sky.a(battery-sensor.)
                              contiki-sky.a(shell-sky.o) (battery_sensor)
contiki-sky.a(button-sensor.o)
                              contiki-sky.a(contiki-sky-pla) (button_sensor)
contiki-sky.a(ds2411.o)       obj_sky/contiki-sky-main.o (ds2411_init)
contiki-sky.a(xmem.o)         obj_sky/contiki-sky-main.o (xmem_init)
contiki-sky.a(node-id.o)      obj_sky/contiki-sky-main.o (node_id_restore)
contiki-sky.a(sensors.o)      contiki-sky.a(button-sensor.o) (sensors_changed)
contiki-sky.a(cc2420.o)       contiki-sky.a(shell-sky.o) (cc2420_on)
contiki-sky.a(cc2420-arch.o)  contiki-sky.a(cc2420.o) (cc2420_arch_init)
contiki-sky.a(sky-sensors.o)  contiki-sky.a(light-sensor.o) (sky_sensors_status)
contiki-sky.a(uart1.o)        obj_sky/contiki-sky-main.o (uart1_active)
contiki-sky.a(uart1-putchar.o)
                              obj_sky/contiki-sky-main.o (putchar)
contiki-sky.a(crc16.o)        contiki-sky.a(shell-rime.o) (crc16_data)
contiki-sky.a(msp430.o)       contiki-sky.a(uart1.o) (msp430_add_lpm_req)
contiki-sky.a(clock.o)        contiki-sky.a(shell-time.o) (clock_time)
contiki-sky.a(leds.o)         obj_sky/contiki-sky-main.o (leds_init)
contiki-sky.a(leds-arch.o)    contiki-sky.a(leds.o) (leds_arch_init)
contiki-sky.a(watchdog.o)     obj_sky/contiki-sky-main.o (watchdog_start)
contiki-sky.a(rtimer-arch.o)  obj_sky/contiki-sky-main.o (rtimer_arch_now)
contiki-sky.a(ctimer.o)       obj_sky/contiki-sky-main.o (ctimer_init)
contiki-sky.a(autostart.o)    obj_sky/contiki-sky-main.o (autostart_start)
contiki-sky.a(energest.o)     obj_sky/contiki-sky-main.o (energest_init)
contiki-sky.a(etimer.o)       contiki-sky.a(clock.o) (etimer_request_poll)
contiki-sky.a(process.o)      contiki-sky.a(shell.o) (process_current)
contiki-sky.a(rtimer.o)       obj_sky/contiki-sky-main.o (rtimer_init)
contiki-sky.a(timer.o)        obj_sky/contiki-sky-main.o (timer_set)
contiki-sky.a(serial-line.o)  contiki-sky.a(serial-shell.o) (serial_line_event_message)
contiki-sky.a(list.o)         contiki-sky.a(shell.o) (list_init)
contiki-sky.a(random.o)       obj_sky/contiki-sky-main.o (random_init)
contiki-sky.a(ringbuf.o)      contiki-sky.a(serial-line.o) (ringbuf_init)
contiki-sky.a(rime.o)         obj_sky/contiki-sky-main.o (rime_driver)
contiki-sky.a(broadcast-annou)
                              contiki-sky.a(rime.o) (broadcast_announcement_init)
contiki-sky.a(trickle.o)      contiki-sky.a(shell-rime-netc) (trickle_open)
contiki-sky.a(broadcast.o)    contiki-sky.a(broadcast-annou) (broadcast_open)
contiki-sky.a(route.o)        contiki-sky.a(shell-rime.o) (route_num)
contiki-sky.a(chameleon.o)    contiki-sky.a(rime.o) (chameleon_init)
contiki-sky.a(channel.o)      contiki-sky.a(chameleon.o) (channel_init)
contiki-sky.a(collect-neighbo)
                              contiki-sky.a(shell-collect-v) (collect_neighbor_list_find)
contiki-sky.a(abc.o)          contiki-sky.a(broadcast.o) (abc_open)
contiki-sky.a(collect-link-es)
                              contiki-sky.a(collect-neighbo) (collect_link_estimate_new)
contiki-sky.a(collect.o)      contiki-sky.a(shell-rime.o) (collect_open)
contiki-sky.a(announcement.o)
                              contiki-sky.a(rime.o) (announcement_init)
contiki-sky.a(csma.o)         obj_sky/contiki-sky-main.o (csma_driver)
contiki-sky.a(mac.o)          contiki-sky.a(csma.o) (mac_call_sent_callback)
contiki-sky.a(queuebuf.o)     contiki-sky.a(rime.o) (queuebuf_init)
contiki-sky.a(packetbuf.o)    contiki-sky.a(collect.o) (packetbuf_hdrreduce)
contiki-sky.a(linkaddr.o)     obj_sky/contiki-sky-main.o (linkaddr_copy)
contiki-sky.a(contikimac.o)   obj_sky/contiki-sky-main.o (contikimac_driver)
[...]
Memory Configuration

Name             Origin             Length             Attributes
sfr              0x0000000000000000 0x0000000000000010
peripheral_8bit  0x0000000000000010 0x00000000000000f0
peripheral_16bit 0x0000000000000100 0x0000000000000100
ram_mirror       0x0000000000000200 0x0000000000000800 xw
infomem          0x0000000000001000 0x0000000000000100
infob            0x0000000000001000 0x0000000000000080
infoa            0x0000000000001080 0x0000000000000080
ram              0x0000000000001100 0x0000000000002800 xw
rom              0x0000000000004000 0x000000000000bfe0 xr
vectors          0x000000000000ffe0 0x0000000000000020
bsl              0x0000000000000000 0x0000000000000000
infoc            0x0000000000000000 0x0000000000000000
infod            0x0000000000000000 0x0000000000000000
ram2             0x0000000000000000 0x0000000000000000 xw
usbram           0x0000000000000000 0x0000000000000000 xw
far_rom          0x0000000000000000 0x0000000000000000
*default*        0x0000000000000000 0xffffffffffffffff

Linker script and memory map

LOAD /usr/lib/gcc/msp430/4.6.3/mmpy-16/crt0ivtbl16.o
LOAD collect-view-shell.co
LOAD obj_sky/contiki-sky-main.o
LOAD contiki-sky.a
LOAD /usr/lib/gcc/msp430/4.6.3/mmpy-16/libgcc.a
LOAD /usr/lib/gcc/msp430/4.6.3/../../../../msp430/lib/mmpy-16/libc.a
LOAD /usr/lib/gcc/msp430/4.6.3/mmpy-16/libgcc.a
LOAD /usr/lib/gcc/msp430/4.6.3/mmpy-16/libcrt0.a
                0x0000000000000080                PROVIDE (__info_segment_size, 0x80)
                0x0000000000001000                PROVIDE (__infob, 0x1000)
                0x0000000000001080                PROVIDE (__infoa, 0x1080)
                0x0000000000000000                __IE1 = 0x0
                0x0000000000000002                __IFG1 = 0x2
                0x0000000000000004                __ME1 = 0x4
                0x0000000000000001                __IE2 = 0x1
                0x0000000000000003                __IFG2 = 0x3
                0x0000000000000005                __ME2 = 0x5
                0x0000000000000120                __WDTCTL = 0x120
                0x0000000000000130                __MPY = 0x130
                0x0000000000000132                __MPYS = 0x132
                0x0000000000000134                __MAC = 0x134
                0x0000000000000136                __MACS = 0x136
                0x0000000000000138                __OP2 = 0x138
                0x000000000000013a                __RESLO = 0x13a
                0x000000000000013c                __RESHI = 0x13c
                0x000000000000013e                __SUMEXT = 0x13e
                0x0000000000000020                __P1IN = 0x20
                0x0000000000000021                __P1OUT = 0x21
                0x0000000000000022                __P1DIR = 0x22
                0x0000000000000023                __P1IFG = 0x23
                0x0000000000000024                __P1IES = 0x24
                0x0000000000000025                __P1IE = 0x25
                0x0000000000000026                __P1SEL = 0x26
                0x0000000000000028                __P2IN = 0x28
                0x0000000000000029                __P2OUT = 0x29
                0x000000000000002a                __P2DIR = 0x2a
                0x000000000000002b                __P2IFG = 0x2b
                0x000000000000002c                __P2IES = 0x2c
                0x000000000000002d                __P2IE = 0x2d
                0x000000000000002e                __P2SEL = 0x2e
                0x0000000000000018                __P3IN = 0x18
                0x0000000000000019                __P3OUT = 0x19
                0x000000000000001a                __P3DIR = 0x1a
                0x000000000000001b                __P3SEL = 0x1b
                0x000000000000001c                __P4IN = 0x1c
                0x000000000000001d                __P4OUT = 0x1d
                0x000000000000001e                __P4DIR = 0x1e
                0x000000000000001f                __P4SEL = 0x1f
                0x0000000000000030                __P5IN = 0x30
                0x0000000000000031                __P5OUT = 0x31
                0x0000000000000032                __P5DIR = 0x32
                0x0000000000000033                __P5SEL = 0x33
                0x0000000000000034                __P6IN = 0x34
                0x0000000000000035                __P6OUT = 0x35
                0x0000000000000036                __P6DIR = 0x36
                0x0000000000000037                __P6SEL = 0x37
                0x0000000000000070                __U0CTL = 0x70
                0x0000000000000071                __U0TCTL = 0x71
                0x0000000000000072                __U0RCTL = 0x72
                0x0000000000000073                __U0MCTL = 0x73
                0x0000000000000074                __U0BR0 = 0x74
                0x0000000000000075                __U0BR1 = 0x75
                0x0000000000000076                __U0RXBUF = 0x76
                0x0000000000000077                __U0TXBUF = 0x77
                0x0000000000000078                __U1CTL = 0x78
                0x0000000000000079                __U1TCTL = 0x79
                0x000000000000007a                __U1RCTL = 0x7a
                0x000000000000007b                __U1MCTL = 0x7b
                0x000000000000007c                __U1BR0 = 0x7c
                0x000000000000007d                __U1BR1 = 0x7d
                0x000000000000007e                __U1RXBUF = 0x7e
                0x000000000000007f                __U1TXBUF = 0x7f
                0x0000000000000050                __I2CIE = 0x50
                0x0000000000000051                __I2CIFG = 0x51
                0x0000000000000052                __I2CNDAT = 0x52
                0x0000000000000071                __I2CTCTL = 0x71
                0x0000000000000072                __I2CDCTL = 0x72
                0x0000000000000073                __I2CPSC = 0x73
                0x0000000000000074                __I2CSCLH = 0x74
                0x0000000000000075                __I2CSCLL = 0x75
                0x0000000000000076                __I2CDRB = 0x76
                0x0000000000000076                __I2CDRW = 0x76
                0x0000000000000118                __I2COA = 0x118
                0x000000000000011a                __I2CSA = 0x11a
                0x000000000000011c                __I2CIV = 0x11c
                0x000000000000012e                __TAIV = 0x12e
                0x0000000000000160                __TACTL = 0x160
                0x0000000000000162                __TACCTL0 = 0x162
                0x0000000000000164                __TACCTL1 = 0x164
                0x0000000000000166                __TACCTL2 = 0x166
                0x0000000000000170                __TAR = 0x170
                0x0000000000000172                __TACCR0 = 0x172
                0x0000000000000174                __TACCR1 = 0x174
                0x0000000000000176                __TACCR2 = 0x176
                0x000000000000011e                __TBIV = 0x11e
                0x0000000000000180                __TBCTL = 0x180
                0x0000000000000182                __TBCCTL0 = 0x182
                0x0000000000000184                __TBCCTL1 = 0x184
                0x0000000000000186                __TBCCTL2 = 0x186
                0x0000000000000188                __TBCCTL3 = 0x188
                0x000000000000018a                __TBCCTL4 = 0x18a
                0x000000000000018c                __TBCCTL5 = 0x18c
                0x000000000000018e                __TBCCTL6 = 0x18e
                0x0000000000000190                __TBR = 0x190
                0x0000000000000192                __TBCCR0 = 0x192
                0x0000000000000194                __TBCCR1 = 0x194
                0x0000000000000196                __TBCCR2 = 0x196
                0x0000000000000198                __TBCCR3 = 0x198
                0x000000000000019a                __TBCCR4 = 0x19a
                0x000000000000019c                __TBCCR5 = 0x19c
                0x000000000000019e                __TBCCR6 = 0x19e
                0x0000000000000056                __DCOCTL = 0x56
                0x0000000000000057                __BCSCTL1 = 0x57
                0x0000000000000058                __BCSCTL2 = 0x58
                0x0000000000000055                __SVSCTL = 0x55
                0x0000000000000128                __FCTL1 = 0x128
                0x000000000000012a                __FCTL2 = 0x12a
                0x000000000000012c                __FCTL3 = 0x12c
                0x0000000000000059                __CACTL1 = 0x59
                0x000000000000005a                __CACTL2 = 0x5a
                0x000000000000005b                __CAPD = 0x5b
                0x00000000000001a0                __ADC12CTL0 = 0x1a0
                0x00000000000001a2                __ADC12CTL1 = 0x1a2
                0x00000000000001a4                __ADC12IFG = 0x1a4
                0x00000000000001a6                __ADC12IE = 0x1a6
                0x00000000000001a8                __ADC12IV = 0x1a8
                0x0000000000000140                __ADC12MEM0 = 0x140
                0x0000000000000142                __ADC12MEM1 = 0x142
                0x0000000000000144                __ADC12MEM2 = 0x144
                0x0000000000000146                __ADC12MEM3 = 0x146
                0x0000000000000148                __ADC12MEM4 = 0x148
                0x000000000000014a                __ADC12MEM5 = 0x14a
                0x000000000000014c                __ADC12MEM6 = 0x14c
                0x000000000000014e                __ADC12MEM7 = 0x14e
                0x0000000000000150                __ADC12MEM8 = 0x150
                0x0000000000000152                __ADC12MEM9 = 0x152
                0x0000000000000154                __ADC12MEM10 = 0x154
                0x0000000000000156                __ADC12MEM11 = 0x156
                0x0000000000000158                __ADC12MEM12 = 0x158
                0x000000000000015a                __ADC12MEM13 = 0x15a
                0x000000000000015c                __ADC12MEM14 = 0x15c
                0x000000000000015e                __ADC12MEM15 = 0x15e
                0x0000000000000080                __ADC12MCTL0 = 0x80
                0x0000000000000081                __ADC12MCTL1 = 0x81
                0x0000000000000082                __ADC12MCTL2 = 0x82
                0x0000000000000083                __ADC12MCTL3 = 0x83
                0x0000000000000084                __ADC12MCTL4 = 0x84
                0x0000000000000085                __ADC12MCTL5 = 0x85
                0x0000000000000086                __ADC12MCTL6 = 0x86
                0x0000000000000087                __ADC12MCTL7 = 0x87
                0x0000000000000088                __ADC12MCTL8 = 0x88
                0x0000000000000089                __ADC12MCTL9 = 0x89
                0x000000000000008a                __ADC12MCTL10 = 0x8a
                0x000000000000008b                __ADC12MCTL11 = 0x8b
                0x000000000000008c                __ADC12MCTL12 = 0x8c
                0x000000000000008d                __ADC12MCTL13 = 0x8d
                0x000000000000008e                __ADC12MCTL14 = 0x8e
                0x000000000000008f                __ADC12MCTL15 = 0x8f
                0x00000000000001c0                __DAC12_0CTL = 0x1c0
                0x00000000000001c2                __DAC12_1CTL = 0x1c2
                0x00000000000001c8                __DAC12_0DAT = 0x1c8
                0x00000000000001ca                __DAC12_1DAT = 0x1ca
                0x0000000000000122                __DMACTL0 = 0x122
                0x0000000000000124                __DMACTL1 = 0x124
                0x00000000000001e0                __DMA0CTL = 0x1e0
                0x00000000000001e8                __DMA1CTL = 0x1e8
                0x00000000000001f0                __DMA2CTL = 0x1f0
                0x00000000000001e2                __DMA0SA = 0x1e2
                0x00000000000001e4                __DMA0DA = 0x1e4
                0x00000000000001e6                __DMA0SZ = 0x1e6
                0x00000000000001ea                __DMA1SA = 0x1ea
                0x00000000000001ec                __DMA1DA = 0x1ec
                0x00000000000001ee                __DMA1SZ = 0x1ee
                0x00000000000001f2                __DMA2SA = 0x1f2
                0x00000000000001f4                __DMA2DA = 0x1f4
                0x00000000000001f6                __DMA2SZ = 0x1f6

.hash
 *(.hash)

.dynsym
 *(.dynsym)

.dynstr
 *(.dynstr)

.gnu.version
 *(.gnu.version)

.gnu.version_d
 *(.gnu.version_d)

.gnu.version_r
 *(.gnu.version_r)

.rel.init
 *(.rel.init)

.rela.init
 *(.rela.init)

.rel.fini
 *(.rel.fini)

.rela.fini
 *(.rela.fini)

.rel.text
 *(.rel.text .rel.text.* .rel.gnu.linkonce.t.*)

.rela.text
 *(.rela.text .rela.text.* .rela.gnu.linkonce.t.*)

.rel.rodata
 *(.rel.rodata .rel.rodata.* .rel.gnu.linkonce.r.*)

.rela.rodata
 *(.rela.rodata .rela.rodata.* .rela.gnu.linkonce.r.*)

.rel.data
 *(.rel.data .rel.data.* .rel.gnu.linkonce.d.*)

.rela.data
 *(.rela.data .rela.data.* .rela.gnu.linkonce.d.*)

.rel.bss
 *(.rel.bss .rel.bss.* .rel.gnu.linkonce.b.*)

.rela.bss
 *(.rela.bss .rela.bss.* .rela.gnu.linkonce.b.*)

.rel.ctors
 *(.rel.ctors)

.rela.ctors
 *(.rela.ctors)

.rel.dtors
 *(.rel.dtors)

.rela.dtors
 *(.rela.dtors)

.rel.got
 *(.rel.got)

.rela.got
 *(.rela.got)

.rel.plt
 *(.rel.plt)

.rela.plt
 *(.rela.plt)

.text           0x0000000000004000     0x9b2c
                0x0000000000004000                . = ALIGN (0x2)
 *(.init .init.*)
 *(.init0)
 .init0         0x0000000000004000        0x0 /usr/lib/gcc/msp430/4.6.3/mmpy-16/libcrt0.a(_reset_vector__.o)
                0x0000000000004000                _reset_vector__
 *(.init1)
 .init1         0x0000000000004000        0xc /usr/lib/gcc/msp430/4.6.3/mmpy-16/libcrt0.a(__watchdog_support.o)
                0x0000000000004000                __watchdog_support
 *(.init2)
 .init2         0x000000000000400c        0x4 /usr/lib/gcc/msp430/4.6.3/mmpy-16/libcrt0.a(__init_stack.o)
                0x000000000000400c                __init_stack
 *(.init3)
 .init3         0x0000000000004010        0x0 /usr/lib/gcc/msp430/4.6.3/mmpy-16/libcrt0.a(__low_level_init.o)
                0x0000000000004010                __low_level_init
 *(.init4)
 .init4         0x0000000000004010       0x18 /usr/lib/gcc/msp430/4.6.3/mmpy-16/libcrt0.a(_copy_data.o)
                0x0000000000004010                __do_copy_data
 .init4         0x0000000000004028       0x16 /usr/lib/gcc/msp430/4.6.3/mmpy-16/libcrt0.a(_clear_bss.o)
                0x0000000000004028                __do_clear_bss
 *(.init5)
 *(.init6)
 *(.init7)
 *(.init8)
 *(.init9)
 .init9         0x000000000000403e      0x2da obj_sky/contiki-sky-main.o
                0x000000000000403e                main
 *(.fini9)
 .fini9         0x0000000000004318        0x0 /usr/lib/gcc/msp430/4.6.3/mmpy-16/libcrt0.a(__stop_progExec__.o)
                0x0000000000004318                __stop_progExec__
 *(.fini8)
 *(.fini7)
 *(.fini6)
 *(.fini5)
 *(.fini4)
 *(.fini3)
 *(.fini2)
 *(.fini1)
 *(.fini0)
 .fini0         0x0000000000004318        0x6 /usr/lib/gcc/msp430/4.6.3/mmpy-16/libcrt0.a(_endless_loop__.o)
                0x0000000000004318                _endless_loop__
 *(.fini .fini.*)
                0x000000000000431e                . = ALIGN (0x2)
                0x000000000000431e                __ctors_start = .
 *(.ctors)
                0x000000000000431e                __ctors_end = .
                0x000000000000431e                __dtors_start = .
 *(.dtors)
                0x000000000000431e                __dtors_end = .
                0x000000000000431e                . = ALIGN (0x2)
 *(.text .text.* .gnu.linkonce.t.*)
 .text          0x000000000000431e        0x4 /usr/lib/gcc/msp430/4.6.3/mmpy-16/crt0ivtbl16.o
                0x000000000000431e                __isr_14
                0x000000000000431e                __isr_11
                0x000000000000431e                __isr_2
                0x000000000000431e                __isr_7
                0x000000000000431e                __isr_0
                0x000000000000431e                __isr_8
                0x000000000000431e                __isr_3
                0x000000000000431e                __isr_12
                0x000000000000431e                __isr_13
                0x000000000000431e                __isr_9
 .text.process_thread_collect_view_shell_process
                0x0000000000004322       0x3e collect-view-shell.co
 .text.process_thread_serial_shell_process
                0x0000000000004360       0x4e contiki-sky.a(serial-shell.o)
 .text.shell_default_output
                0x00000000000043ae       0x66 contiki-sky.a(serial-shell.o)
                0x00000000000043ae                shell_default_output
 .text.shell_prompt
                0x0000000000004414       0x1a contiki-sky.a(serial-shell.o)
                0x0000000000004414                shell_prompt
 .text.shell_exit
                0x000000000000442e        0x2 contiki-sky.a(serial-shell.o)
                0x000000000000442e                shell_exit
 .text.serial_shell_init
                0x0000000000004430        0xc contiki-sky.a(serial-shell.o)
                0x0000000000004430                serial_shell_init
 .text.process_thread_shell_null_process
                0x000000000000443c       0x40 contiki-sky.a(shell.o)
 .text.process_thread_shell_exit_process
                0x000000000000447c       0x1a contiki-sky.a(shell.o)
 .text.shell_input
                0x0000000000004496       0x5a contiki-sky.a(shell.o)
                0x0000000000004496                shell_input
 .text.shell_output_str
                0x00000000000044f0       0x9a contiki-sky.a(shell.o)
                0x00000000000044f0                shell_output_str
 .text.command_kill
                0x000000000000458a       0x24 contiki-sky.a(shell.o)
 .text.killall  0x00000000000045ae       0x30 contiki-sky.a(shell.o)
 .text.process_thread_shell_killall_process
                0x00000000000045de       0x1a contiki-sky.a(shell.o)
 .text.process_thread_shell_kill_process
                0x00000000000045f8       0x88 contiki-sky.a(shell.o)
 .text.process_thread_help_command_process
                0x0000000000004680       0x4c contiki-sky.a(shell.o)
 .text.start_command
                0x00000000000046cc      0x190 contiki-sky.a(shell.o)
 .text.shell_start_command
                0x000000000000485c       0x4c contiki-sky.a(shell.o)
                0x000000000000485c                shell_start_command
 .text.process_thread_shell_process
                0x00000000000048a8       0xb4 contiki-sky.a(shell.o)
 .text.shell_output
                0x000000000000495c       0x68 contiki-sky.a(shell.o)
                0x000000000000495c                shell_output
 .text.shell_register_command
                0x00000000000049c4       0x62 contiki-sky.a(shell.o)
                0x00000000000049c4                shell_register_command
 .text.shell_init
                0x0000000000004a26       0x68 contiki-sky.a(shell.o)
                0x0000000000004a26                shell_init
 .text.shell_strtolong
                0x0000000000004a8e       0x9c contiki-sky.a(shell.o)
                0x0000000000004a8e                shell_strtolong
 .text.shell_time
                0x0000000000004b2a        0xe contiki-sky.a(shell.o)
                0x0000000000004b2a                shell_time
 .text.shell_set_time
                0x0000000000004b38       0x22 contiki-sky.a(shell.o)
                0x0000000000004b38                shell_set_time
 .text.process_thread_shell_server_process
                0x0000000000004b5a       0xc0 contiki-sky.a(shell.o)
 .text.process_thread_shell_reboot_process
                0x0000000000004c1a       0xde contiki-sky.a(shell-reboot.o)
 .text.shell_reboot_init
                0x0000000000004cf8        0xa contiki-sky.a(shell-reboot.o)
                0x0000000000004cf8                shell_reboot_init
 .text.process_thread_shell_blink_process
                0x0000000000004d02      0x168 contiki-sky.a(shell-blink.o)
 .text.shell_blink_init
                0x0000000000004e6a        0xa contiki-sky.a(shell-blink.o)
                0x0000000000004e6a                shell_blink_init
 .text.process_thread_shell_hd_process
                0x0000000000004e74      0x16e contiki-sky.a(shell-text.o)
 .text.process_thread_shell_binprint_process
                0x0000000000004fe2      0x194 contiki-sky.a(shell-text.o)
 .text.process_thread_shell_echo_process
                0x0000000000005176       0x3c contiki-sky.a(shell-text.o)
 .text.process_thread_shell_size_process
                0x00000000000051b2       0xaa contiki-sky.a(shell-text.o)
 .text.shell_text_init
                0x000000000000525c       0x22 contiki-sky.a(shell-text.o)
                0x000000000000525c                shell_text_init
 .text.repeat_print_usage
                0x000000000000527e       0x12 contiki-sky.a(shell-time.o)
 .text.process_thread_shell_randwait_process
                0x0000000000005290      0x122 contiki-sky.a(shell-time.o)
 .text.process_thread_shell_repeat_server_process
                0x00000000000053b2       0x9c contiki-sky.a(shell-time.o)
 .text.process_thread_shell_repeat_process
                0x000000000000544e      0x142 contiki-sky.a(shell-time.o)
 .text.process_thread_shell_timestamp_process
                0x0000000000005590       0xb4 contiki-sky.a(shell-time.o)
 .text.process_thread_shell_time_process
                0x0000000000005644       0x7e contiki-sky.a(shell-time.o)
 .text.shell_time_init
                0x00000000000056c2       0x22 contiki-sky.a(shell-time.o)
                0x00000000000056c2                shell_time_init
 .text.process_thread_shell_powertrace_process
                0x00000000000056e4       0x94 contiki-sky.a(shell-powertrac)
 .text.shell_powertrace_init
                0x0000000000005778       0x10 contiki-sky.a(shell-powertrac)
                0x0000000000005778                shell_powertrace_init
 .text.process_thread_shell_packetize_process
                0x0000000000005788       0xe4 contiki-sky.a(shell-rime.o)
 .text.process_thread_shell_routes_process
                0x000000000000586c       0x90 contiki-sky.a(shell-rime.o)
 .text.process_thread_shell_collect_process
                0x00000000000058fc       0x48 contiki-sky.a(shell-rime.o)
 .text.process_thread_shell_mac_process
                0x0000000000005944       0x6e contiki-sky.a(shell-rime.o)
 .text.process_thread_shell_send_process
                0x00000000000059b2       0xcc contiki-sky.a(shell-rime.o)
 .text.recv_collect
                0x0000000000005a7e       0xb4 contiki-sky.a(shell-rime.o)
 .text.shell_rime_init
                0x0000000000005b32       0x4a contiki-sky.a(shell-rime.o)
                0x0000000000005b32                shell_rime_init
 .text.process_thread_shell_netcmd_server_process
                0x0000000000005b7c       0x82 contiki-sky.a(shell-rime-netc)
 .text.process_thread_shell_netcmd_process
                0x0000000000005bfe       0xc4 contiki-sky.a(shell-rime-netc)
 .text.recv_trickle
                0x0000000000005cc2       0x4e contiki-sky.a(shell-rime-netc)
 .text.shell_rime_netcmd_init
                0x0000000000005d10       0x22 contiki-sky.a(shell-rime-netc)
                0x0000000000005d10                shell_rime_netcmd_init
 .text.process_thread_collect_view_data_process
                0x0000000000005d32       0x8e contiki-sky.a(shell-collect-v)
 .text.shell_collect_view_init
                0x0000000000005dc0        0xa contiki-sky.a(shell-collect-v)
                0x0000000000005dc0                shell_collect_view_init
 .text.process_thread_shell_rfchannel_process
                0x0000000000005dca       0x5e contiki-sky.a(shell-sky.o)
 .text.process_thread_shell_txpower_process
                0x0000000000005e28       0x5e contiki-sky.a(shell-sky.o)
 .text.process_thread_shell_senseconv_process
                0x0000000000005e86      0x21e contiki-sky.a(shell-sky.o)
 .text.do_rssi  0x00000000000060a4       0xaa contiki-sky.a(shell-sky.o)
 .text.process_thread_shell_sense_process
                0x000000000000614e       0xd6 contiki-sky.a(shell-sky.o)
 .text.process_thread_shell_nodeid_process
                0x0000000000006224       0x8a contiki-sky.a(shell-sky.o)
 .text.shell_sky_init
                0x00000000000062ae       0x2a contiki-sky.a(shell-sky.o)
                0x00000000000062ae                shell_sky_init
 .text.init_platform
                0x00000000000062d8        0xc contiki-sky.a(contiki-sky-pla)
                0x00000000000062d8                init_platform
 .text.status   0x00000000000062e4       0x18 contiki-sky.a(sht11-sensor.o)
 .text.configure
                0x00000000000062fc       0x40 contiki-sky.a(sht11-sensor.o)
 .text.value    0x000000000000633c       0x2e contiki-sky.a(sht11-sensor.o)
 .text.value    0x000000000000636a       0x1a contiki-sky.a(light-sensor.o)
 .text.status   0x0000000000006384        0xc contiki-sky.a(light-sensor.o)
 .text.configure
                0x0000000000006390       0x10 contiki-sky.a(light-sensor.o)
 .text.value    0x00000000000063a0        0x6 contiki-sky.a(battery-sensor.)
 .text.status   0x00000000000063a6        0xc contiki-sky.a(battery-sensor.)
 .text.configure
                0x00000000000063b2       0x12 contiki-sky.a(battery-sensor.)
 .text.status   0x00000000000063c4       0x16 contiki-sky.a(button-sensor.o)
 .text.configure
                0x00000000000063da       0x52 contiki-sky.a(button-sensor.o)
 .text.value    0x000000000000642c       0x22 contiki-sky.a(button-sensor.o)
 .text.irq_p2   0x000000000000644e       0x8a contiki-sky.a(button-sensor.o)
                0x000000000000644e                irq_p2
                0x000000000000644e                __isr_1
 .text.owreadb  0x00000000000064d8       0x52 contiki-sky.a(ds2411.o)
 .text.ds2411_init
                0x000000000000652a      0x122 contiki-sky.a(ds2411.o)
                0x000000000000652a                ds2411_init
 .text.write_enable
                0x000000000000664c       0x2a contiki-sky.a(xmem.o)
 .text.wait_ready
                0x0000000000006676       0x50 contiki-sky.a(xmem.o)
 .text.xmem_init
                0x00000000000066c6       0x3e contiki-sky.a(xmem.o)
                0x00000000000066c6                xmem_init
 .text.xmem_pread
                0x0000000000006704       0xea contiki-sky.a(xmem.o)
                0x0000000000006704                xmem_pread
 .text.xmem_pwrite
                0x00000000000067ee      0x150 contiki-sky.a(xmem.o)
                0x00000000000067ee                xmem_pwrite
 .text.xmem_erase
                0x000000000000693e       0xae contiki-sky.a(xmem.o)
                0x000000000000693e                xmem_erase
 .text.node_id_restore
                0x00000000000069ec       0x38 contiki-sky.a(node-id.o)
                0x00000000000069ec                node_id_restore
 .text.node_id_burn
                0x0000000000006a24       0x36 contiki-sky.a(node-id.o)
                0x0000000000006a24                node_id_burn
 .text.process_thread_sensors_process
                0x0000000000006a5a       0xbe contiki-sky.a(sensors.o)
 .text.sensors_changed
                0x0000000000006b18       0x2a contiki-sky.a(sensors.o)
                0x0000000000006b18                sensors_changed
 .text.get_object
                0x0000000000006b42        0x4 contiki-sky.a(cc2420.o)
 .text.set_object
                0x0000000000006b46        0x4 contiki-sky.a(cc2420.o)
 .text.strobe   0x0000000000006b4a       0x20 contiki-sky.a(cc2420.o)
 .text.getreg   0x0000000000006b6a       0x54 contiki-sky.a(cc2420.o)
 .text.setreg   0x0000000000006bbe       0x52 contiki-sky.a(cc2420.o)
 .text.write_ram
                0x0000000000006c10       0x80 contiki-sky.a(cc2420.o)
 .text.write_fifo_buf
                0x0000000000006c90       0x40 contiki-sky.a(cc2420.o)
 .text.get_status
                0x0000000000006cd0       0x24 contiki-sky.a(cc2420.o)
 .text.set_txpower
                0x0000000000006cf4       0x26 contiki-sky.a(cc2420.o)
 .text.cc2420_receiving_packet
                0x0000000000006d1a        0xe contiki-sky.a(cc2420.o)
 .text.pending_packet
                0x0000000000006d28        0x8 contiki-sky.a(cc2420.o)
 .text.on       0x0000000000006d30       0x26 contiki-sky.a(cc2420.o)
 .text.wait_for_transmission
                0x0000000000006d56       0x22 contiki-sky.a(cc2420.o)
 .text.wait_for_status
                0x0000000000006d78       0x2a contiki-sky.a(cc2420.o)
 .text.getrxdata
                0x0000000000006da2       0x56 contiki-sky.a(cc2420.o)
 .text.flushrx  0x0000000000006df8       0x1a contiki-sky.a(cc2420.o)
 .text.off      0x0000000000006e12       0x62 contiki-sky.a(cc2420.o)
 .text.RELEASE_LOCK
                0x0000000000006e74       0x28 contiki-sky.a(cc2420.o)
 .text.set_key  0x0000000000006e9c       0x18 contiki-sky.a(cc2420.o)
 .text.set_frame_filtering
                0x0000000000006eb4       0x30 contiki-sky.a(cc2420.o)
 .text.set_auto_ack
                0x0000000000006ee4       0x30 contiki-sky.a(cc2420.o)
 .text.set_poll_mode
                0x0000000000006f14       0x36 contiki-sky.a(cc2420.o)
 .text.cc2420_prepare
                0x0000000000006f4a       0x3c contiki-sky.a(cc2420.o)
 .text.cc2420_on
                0x0000000000006f86       0x22 contiki-sky.a(cc2420.o)
                0x0000000000006f86                cc2420_on
 .text.cc2420_off
                0x0000000000006fa8       0x30 contiki-sky.a(cc2420.o)
                0x0000000000006fa8                cc2420_off
 .text.cc2420_cca
                0x0000000000006fd8       0x5e contiki-sky.a(cc2420.o)
 .text.cc2420_read
                0x0000000000007036       0xc0 contiki-sky.a(cc2420.o)
 .text.process_thread_cc2420_process
                0x00000000000070f6       0x58 contiki-sky.a(cc2420.o)
 .text.encrypt  0x000000000000714e       0x8e contiki-sky.a(cc2420.o)
 .text.cc2420_get_channel
                0x00000000000071dc        0x6 contiki-sky.a(cc2420.o)
                0x00000000000071dc                cc2420_get_channel
 .text.cc2420_set_channel
                0x00000000000071e2       0x3c contiki-sky.a(cc2420.o)
                0x00000000000071e2                cc2420_set_channel
 .text.cc2420_set_pan_addr
                0x000000000000721e       0x4c contiki-sky.a(cc2420.o)
                0x000000000000721e                cc2420_set_pan_addr
 .text.cc2420_interrupt
                0x000000000000726a       0x18 contiki-sky.a(cc2420.o)
                0x000000000000726a                cc2420_interrupt
 .text.cc2420_set_txpower
                0x0000000000007282        0xe contiki-sky.a(cc2420.o)
                0x0000000000007282                cc2420_set_txpower
 .text.cc2420_get_txpower
                0x0000000000007290       0x1e contiki-sky.a(cc2420.o)
                0x0000000000007290                cc2420_get_txpower
 .text.cc2420_transmit
                0x00000000000072ae      0x134 contiki-sky.a(cc2420.o)
 .text.cc2420_send
                0x00000000000073e2       0x12 contiki-sky.a(cc2420.o)
 .text.cc2420_rssi
                0x00000000000073f4       0x4c contiki-sky.a(cc2420.o)
                0x00000000000073f4                cc2420_rssi
 .text.get_value
                0x0000000000007440      0x108 contiki-sky.a(cc2420.o)
 .text.cc2420_set_cca_threshold
                0x0000000000007548       0x16 contiki-sky.a(cc2420.o)
                0x0000000000007548                cc2420_set_cca_threshold
 .text.set_value
                0x000000000000755e       0xba contiki-sky.a(cc2420.o)
 .text.cc2420_init
                0x0000000000007618       0xf0 contiki-sky.a(cc2420.o)
                0x0000000000007618                cc2420_init
 .text.cc2420_port1_interrupt
                0x0000000000007708       0x62 contiki-sky.a(cc2420-arch.o)
                0x0000000000007708                __isr_4
                0x0000000000007708                cc2420_port1_interrupt
 .text.cc2420_arch_init
                0x000000000000776a       0x1a contiki-sky.a(cc2420-arch.o)
                0x000000000000776a                cc2420_arch_init
 .text.sky_sensors_status
                0x0000000000007784       0x42 contiki-sky.a(sky-sensors.o)
                0x0000000000007784                sky_sensors_status
 .text.sky_sensors_configure
                0x00000000000077c6       0xfc contiki-sky.a(sky-sensors.o)
                0x00000000000077c6                sky_sensors_configure
 .text.handle_rxdma_timer
                0x00000000000078c2       0x3a contiki-sky.a(uart1.o)
 .text.uart1_active
                0x00000000000078fc       0x1a contiki-sky.a(uart1.o)
                0x00000000000078fc                uart1_active
 .text.uart1_set_input
                0x0000000000007916       0x20 contiki-sky.a(uart1.o)
                0x0000000000007916                uart1_set_input
 .text.uart1_writeb
                0x0000000000007936       0x1a contiki-sky.a(uart1.o)
                0x0000000000007936                uart1_writeb
 .text.uart1_init
                0x0000000000007950       0xf6 contiki-sky.a(uart1.o)
                0x0000000000007950                uart1_init
 .text.putchar  0x0000000000007a46       0x10 contiki-sky.a(uart1-putchar.o)
                0x0000000000007a46                putchar
 .text.crc16_add
                0x0000000000007a56       0x56 contiki-sky.a(crc16.o)
                0x0000000000007a56                crc16_add
 .text.crc16_data
                0x0000000000007aac       0x2a contiki-sky.a(crc16.o)
                0x0000000000007aac                crc16_data
 .text.msp430_init_dco
                0x0000000000007ad6       0x84 contiki-sky.a(msp430.o)
                0x0000000000007ad6                msp430_init_dco
 .text.msp430_add_lpm_req
                0x0000000000007b5a        0xc contiki-sky.a(msp430.o)
                0x0000000000007b5a                msp430_add_lpm_req
 .text.msp430_cpu_init
                0x0000000000007b66       0x2a contiki-sky.a(msp430.o)
                0x0000000000007b66                msp430_cpu_init
 .text.splhigh_
                0x0000000000007b90        0x8 contiki-sky.a(msp430.o)
                0x0000000000007b90                splhigh_
 .text.msp430_sync_dco
                0x0000000000007b98       0x68 contiki-sky.a(msp430.o)
                0x0000000000007b98                msp430_sync_dco
 .text.timera1  0x0000000000007c00      0x11e contiki-sky.a(clock.o)
                0x0000000000007c00                __isr_5
                0x0000000000007c00                timera1
 .text.clock_time
                0x0000000000007d1e       0x1a contiki-sky.a(clock.o)
                0x0000000000007d1e                clock_time
 .text.clock_init
                0x0000000000007d38       0x28 contiki-sky.a(clock.o)
                0x0000000000007d38                clock_init
 .text.clock_delay
                0x0000000000007d60        0xc contiki-sky.a(clock.o)
                0x0000000000007d60                clock_delay
 .text.clock_wait
                0x0000000000007d6c       0x34 contiki-sky.a(clock.o)
                0x0000000000007d6c                clock_wait
 .text.clock_seconds
                0x0000000000007da0       0x1a contiki-sky.a(clock.o)
                0x0000000000007da0                clock_seconds
 .text.show_leds
                0x0000000000007dba       0xf6 contiki-sky.a(leds.o)
 .text.leds_init
                0x0000000000007eb0        0xa contiki-sky.a(leds.o)
                0x0000000000007eb0                leds_init
 .text.leds_on  0x0000000000007eba        0xa contiki-sky.a(leds.o)
                0x0000000000007eba                leds_on
 .text.leds_off
                0x0000000000007ec4        0xe contiki-sky.a(leds.o)
                0x0000000000007ec4                leds_off
 .text.leds_toggle
                0x0000000000007ed2        0xa contiki-sky.a(leds.o)
                0x0000000000007ed2                leds_toggle
 .text.leds_arch_init
                0x0000000000007edc        0xe contiki-sky.a(leds-arch.o)
                0x0000000000007edc                leds_arch_init
 .text.leds_arch_set
                0x0000000000007eea       0x3a contiki-sky.a(leds-arch.o)
                0x0000000000007eea                leds_arch_set
 .text.watchdog_interrupt
                0x0000000000007f24        0x6 contiki-sky.a(watchdog.o)
                0x0000000000007f24                __isr_10
                0x0000000000007f24                watchdog_interrupt
 .text.watchdog_start
                0x0000000000007f2a       0x14 contiki-sky.a(watchdog.o)
                0x0000000000007f2a                watchdog_start
 .text.watchdog_periodic
                0x0000000000007f3e       0x12 contiki-sky.a(watchdog.o)
                0x0000000000007f3e                watchdog_periodic
 .text.watchdog_stop
                0x0000000000007f50       0x16 contiki-sky.a(watchdog.o)
                0x0000000000007f50                watchdog_stop
 .text.watchdog_init
                0x0000000000007f66       0x14 contiki-sky.a(watchdog.o)
                0x0000000000007f66                watchdog_init
 .text.watchdog_reboot
                0x0000000000007f7a        0x6 contiki-sky.a(watchdog.o)
                0x0000000000007f7a                watchdog_reboot
 .text.rtimer_arch_init
                0x0000000000007f80        0xe contiki-sky.a(rtimer-arch.o)
                0x0000000000007f80                rtimer_arch_init
 .text.rtimer_arch_now
                0x0000000000007f8e        0xe contiki-sky.a(rtimer-arch.o)
                0x0000000000007f8e                rtimer_arch_now
 .text.timera0  0x0000000000007f9c       0x70 contiki-sky.a(rtimer-arch.o)
                0x0000000000007f9c                __isr_6
                0x0000000000007f9c                timera0
 .text.rtimer_arch_schedule
                0x000000000000800c        0x6 contiki-sky.a(rtimer-arch.o)
                0x000000000000800c                rtimer_arch_schedule
 .text.process_thread_ctimer_process
                0x0000000000008012       0xa4 contiki-sky.a(ctimer.o)
 .text.ctimer_init
                0x00000000000080b6       0x18 contiki-sky.a(ctimer.o)
                0x00000000000080b6                ctimer_init
 .text.ctimer_set_with_process
                0x00000000000080ce       0x4e contiki-sky.a(ctimer.o)
                0x00000000000080ce                ctimer_set_with_process
 .text.ctimer_set
                0x000000000000811c       0x10 contiki-sky.a(ctimer.o)
                0x000000000000811c                ctimer_set
 .text.ctimer_reset
                0x000000000000812c       0x30 contiki-sky.a(ctimer.o)
                0x000000000000812c                ctimer_reset
 .text.ctimer_stop
                0x000000000000815c       0x28 contiki-sky.a(ctimer.o)
                0x000000000000815c                ctimer_stop
 .text.autostart_start
                0x0000000000008184       0x16 contiki-sky.a(autostart.o)
                0x0000000000008184                autostart_start
 .text.energest_init
                0x000000000000819a       0x28 contiki-sky.a(energest.o)
                0x000000000000819a                energest_init
 .text.energest_type_time
                0x00000000000081c2       0x46 contiki-sky.a(energest.o)
                0x00000000000081c2                energest_type_time
 .text.energest_type_set
                0x0000000000008208        0xe contiki-sky.a(energest.o)
                0x0000000000008208                energest_type_set
 .text.energest_flush
                0x0000000000008216       0x48 contiki-sky.a(energest.o)
                0x0000000000008216                energest_flush
 .text.update_time
                0x000000000000825e       0x78 contiki-sky.a(etimer.o)
 .text.etimer_request_poll
                0x00000000000082d6        0xa contiki-sky.a(etimer.o)
                0x00000000000082d6                etimer_request_poll
 .text.process_thread_etimer_process
                0x00000000000082e0       0xc8 contiki-sky.a(etimer.o)
 .text.add_timer
                0x00000000000083a8       0x40 contiki-sky.a(etimer.o)
 .text.etimer_set
                0x00000000000083e8       0x12 contiki-sky.a(etimer.o)
                0x00000000000083e8                etimer_set
 .text.etimer_reset
                0x00000000000083fa       0x12 contiki-sky.a(etimer.o)
                0x00000000000083fa                etimer_reset
 .text.etimer_expired
                0x000000000000840c        0xe contiki-sky.a(etimer.o)
                0x000000000000840c                etimer_expired
 .text.etimer_pending
                0x000000000000841a        0xc contiki-sky.a(etimer.o)
                0x000000000000841a                etimer_pending
 .text.etimer_next_expiration_time
                0x0000000000008426       0x16 contiki-sky.a(etimer.o)
                0x0000000000008426                etimer_next_expiration_time
 .text.etimer_stop
                0x000000000000843c       0x3c contiki-sky.a(etimer.o)
                0x000000000000843c                etimer_stop
 .text.call_process
                0x0000000000008478       0x4a contiki-sky.a(process.o)
 .text.exit_process
                0x00000000000084c2       0x96 contiki-sky.a(process.o)
 .text.do_poll  0x0000000000008558       0x30 contiki-sky.a(process.o)
 .text.process_alloc_event
                0x0000000000008588        0xe contiki-sky.a(process.o)
                0x0000000000008588                process_alloc_event
 .text.process_exit
                0x0000000000008596        0xa contiki-sky.a(process.o)
                0x0000000000008596                process_exit
 .text.process_init
                0x00000000000085a0       0x1c contiki-sky.a(process.o)
                0x00000000000085a0                process_init
 .text.process_run
                0x00000000000085bc       0x92 contiki-sky.a(process.o)
                0x00000000000085bc                process_run
 .text.process_nevents
                0x000000000000864e        0xe contiki-sky.a(process.o)
                0x000000000000864e                process_nevents
 .text.process_post
                0x000000000000865c       0x4e contiki-sky.a(process.o)
                0x000000000000865c                process_post
 .text.process_post_synch
                0x00000000000086aa       0x12 contiki-sky.a(process.o)
                0x00000000000086aa                process_post_synch
 .text.process_start
                0x00000000000086bc       0x32 contiki-sky.a(process.o)
                0x00000000000086bc                process_start
 .text.process_poll
                0x00000000000086ee       0x18 contiki-sky.a(process.o)
                0x00000000000086ee                process_poll
 .text.process_is_running
                0x0000000000008706        0xe contiki-sky.a(process.o)
                0x0000000000008706                process_is_running
 .text.rtimer_init
                0x0000000000008714        0x6 contiki-sky.a(rtimer.o)
                0x0000000000008714                rtimer_init
 .text.rtimer_set
                0x000000000000871a       0x24 contiki-sky.a(rtimer.o)
                0x000000000000871a                rtimer_set
 .text.rtimer_run_next
                0x000000000000873e       0x26 contiki-sky.a(rtimer.o)
                0x000000000000873e                rtimer_run_next
 .text.timer_set
                0x0000000000008764       0x1c contiki-sky.a(timer.o)
                0x0000000000008764                timer_set
 .text.timer_reset
                0x0000000000008780        0xe contiki-sky.a(timer.o)
                0x0000000000008780                timer_reset
 .text.timer_expired
                0x000000000000878e       0x2a contiki-sky.a(timer.o)
                0x000000000000878e                timer_expired
 .text.process_thread_serial_line_process
                0x00000000000087b8       0x9c contiki-sky.a(serial-line.o)
 .text.serial_line_input_byte
                0x0000000000008854       0x4a contiki-sky.a(serial-line.o)
                0x0000000000008854                serial_line_input_byte
 .text.serial_line_init
                0x000000000000889e       0x1c contiki-sky.a(serial-line.o)
                0x000000000000889e                serial_line_init
 .text.list_init
                0x00000000000088ba        0x6 contiki-sky.a(list.o)
                0x00000000000088ba                list_init
 .text.list_head
                0x00000000000088c0        0x4 contiki-sky.a(list.o)
                0x00000000000088c0                list_head
 .text.list_tail
                0x00000000000088c4       0x12 contiki-sky.a(list.o)
                0x00000000000088c4                list_tail
 .text.list_remove
                0x00000000000088d6       0x34 contiki-sky.a(list.o)
                0x00000000000088d6                list_remove
 .text.list_push
                0x000000000000890a       0x1a contiki-sky.a(list.o)
                0x000000000000890a                list_push
 .text.list_add
                0x0000000000008924       0x2a contiki-sky.a(list.o)
                0x0000000000008924                list_add
 .text.list_length
                0x000000000000894e       0x10 contiki-sky.a(list.o)
                0x000000000000894e                list_length
 .text.list_insert
                0x000000000000895e       0x16 contiki-sky.a(list.o)
                0x000000000000895e                list_insert
 .text.list_item_next
                0x0000000000008974        0xc contiki-sky.a(list.o)
                0x0000000000008974                list_item_next
 .text.random_init
                0x0000000000008980        0x6 contiki-sky.a(random.o)
                0x0000000000008980                random_init
 .text.random_rand
                0x0000000000008986        0x6 contiki-sky.a(random.o)
                0x0000000000008986                random_rand
 .text.ringbuf_init
                0x000000000000898c       0x14 contiki-sky.a(ringbuf.o)
                0x000000000000898c                ringbuf_init
 .text.ringbuf_put
                0x00000000000089a0       0x38 contiki-sky.a(ringbuf.o)
                0x00000000000089a0                ringbuf_put
 .text.ringbuf_get
                0x00000000000089d8       0x34 contiki-sky.a(ringbuf.o)
                0x00000000000089d8                ringbuf_get
 .text.input    0x0000000000008a0c       0x3a contiki-sky.a(rime.o)
 .text.init     0x0000000000008a46       0x2e contiki-sky.a(rime.o)
 .text.packet_sent
                0x0000000000008a74       0x44 contiki-sky.a(rime.o)
 .text.rime_sniffer_add
                0x0000000000008ab8        0xc contiki-sky.a(rime.o)
                0x0000000000008ab8                rime_sniffer_add
 .text.rime_sniffer_remove
                0x0000000000008ac4        0xc contiki-sky.a(rime.o)
                0x0000000000008ac4                rime_sniffer_remove
 .text.rime_output
                0x0000000000008ad0       0x24 contiki-sky.a(rime.o)
                0x0000000000008ad0                rime_output
 .text.adv_packet_sent
                0x0000000000008af4        0x2 contiki-sky.a(broadcast-annou)
 .text.adv_packet_received
                0x0000000000008af6       0x66 contiki-sky.a(broadcast-annou)
 .text.set_timers
                0x0000000000008b5c       0x4a contiki-sky.a(broadcast-annou)
 .text.send_timer
                0x0000000000008ba6       0x36 contiki-sky.a(broadcast-annou)
 .text.new_announcement
                0x0000000000008bdc       0x18 contiki-sky.a(broadcast-annou)
 .text.send_adv
                0x0000000000008bf4       0x66 contiki-sky.a(broadcast-annou)
 .text.broadcast_announcement_init
                0x0000000000008c5a       0x48 contiki-sky.a(broadcast-annou)
                0x0000000000008c5a                broadcast_announcement_init
 .text.broadcast_announcement_beacon_interval
                0x0000000000008ca2        0xa contiki-sky.a(broadcast-annou)
                0x0000000000008ca2                broadcast_announcement_beacon_interval
 .text.send     0x0000000000008cac       0x1c contiki-sky.a(trickle.o)
 .text.run_trickle
                0x0000000000008cc8       0xbe contiki-sky.a(trickle.o)
 .text.timer_callback
                0x0000000000008d86        0x6 contiki-sky.a(trickle.o)
 .text.recv     0x0000000000008d8c       0x86 contiki-sky.a(trickle.o)
 .text.trickle_open
                0x0000000000008e12       0x44 contiki-sky.a(trickle.o)
                0x0000000000008e12                trickle_open
 .text.trickle_send
                0x0000000000008e56       0x3e contiki-sky.a(trickle.o)
                0x0000000000008e56                trickle_send
 .text.sent_by_abc
                0x0000000000008e94       0x10 contiki-sky.a(broadcast.o)
 .text.recv_from_abc
                0x0000000000008ea4       0x26 contiki-sky.a(broadcast.o)
 .text.broadcast_open
                0x0000000000008eca       0x2a contiki-sky.a(broadcast.o)
                0x0000000000008eca                broadcast_open
 .text.broadcast_send
                0x0000000000008ef4       0x1a contiki-sky.a(broadcast.o)
                0x0000000000008ef4                broadcast_send
 .text.route_num
                0x0000000000008f0e       0x1e contiki-sky.a(route.o)
                0x0000000000008f0e                route_num
 .text.route_get
                0x0000000000008f2c       0x26 contiki-sky.a(route.o)
                0x0000000000008f2c                route_get
 .text.chameleon_init
                0x0000000000008f52        0x6 contiki-sky.a(chameleon.o)
                0x0000000000008f52                chameleon_init
 .text.chameleon_parse
                0x0000000000008f58       0x10 contiki-sky.a(chameleon.o)
                0x0000000000008f58                chameleon_parse
 .text.chameleon_create
                0x0000000000008f68       0x1c contiki-sky.a(chameleon.o)
                0x0000000000008f68                chameleon_create
 .text.chameleon_hdrsize
                0x0000000000008f84        0x6 contiki-sky.a(chameleon.o)
                0x0000000000008f84                chameleon_hdrsize
 .text.channel_init
                0x0000000000008f8a        0xa contiki-sky.a(channel.o)
                0x0000000000008f8a                channel_init
 .text.channel_open
                0x0000000000008f94       0x10 contiki-sky.a(channel.o)
                0x0000000000008f94                channel_open
 .text.channel_lookup
                0x0000000000008fa4       0x20 contiki-sky.a(channel.o)
                0x0000000000008fa4                channel_lookup
 .text.channel_set_attributes
                0x0000000000008fc4       0x24 contiki-sky.a(channel.o)
                0x0000000000008fc4                channel_set_attributes
 .text.periodic
                0x0000000000008fe8       0x8e contiki-sky.a(collect-neighbo)
 .text.collect_neighbor_init
                0x0000000000009076       0x14 contiki-sky.a(collect-neighbo)
                0x0000000000009076                collect_neighbor_init
 .text.collect_neighbor_list_new
                0x000000000000908a       0x32 contiki-sky.a(collect-neighbo)
                0x000000000000908a                collect_neighbor_list_new
 .text.collect_neighbor_list_find
                0x00000000000090bc       0x3a contiki-sky.a(collect-neighbo)
                0x00000000000090bc                collect_neighbor_list_find
 .text.collect_neighbor_list_add
                0x00000000000090f6       0xaa contiki-sky.a(collect-neighbo)
                0x00000000000090f6                collect_neighbor_list_add
 .text.collect_neighbor_list
                0x00000000000091a0        0xe contiki-sky.a(collect-neighbo)
                0x00000000000091a0                collect_neighbor_list
 .text.collect_neighbor_list_num
                0x00000000000091ae       0x12 contiki-sky.a(collect-neighbo)
                0x00000000000091ae                collect_neighbor_list_num
 .text.collect_neighbor_update_rtmetric
                0x00000000000091c0        0xe contiki-sky.a(collect-neighbo)
                0x00000000000091c0                collect_neighbor_update_rtmetric
 .text.collect_neighbor_tx_fail
                0x00000000000091ce       0x1e contiki-sky.a(collect-neighbo)
                0x00000000000091ce                collect_neighbor_tx_fail
 .text.collect_neighbor_tx
                0x00000000000091ec       0x1e contiki-sky.a(collect-neighbo)
                0x00000000000091ec                collect_neighbor_tx
 .text.collect_neighbor_rtmetric_link_estimate
                0x000000000000920a       0x1c contiki-sky.a(collect-neighbo)
                0x000000000000920a                collect_neighbor_rtmetric_link_estimate
 .text.collect_neighbor_list_best
                0x0000000000009226       0x4a contiki-sky.a(collect-neighbo)
                0x0000000000009226                collect_neighbor_list_best
 .text.collect_neighbor_rtmetric
                0x0000000000009270        0xe contiki-sky.a(collect-neighbo)
                0x0000000000009270                collect_neighbor_rtmetric
 .text.collect_neighbor_set_congested
                0x000000000000927e       0x14 contiki-sky.a(collect-neighbo)
                0x000000000000927e                collect_neighbor_set_congested
 .text.collect_neighbor_is_congested
                0x0000000000009292       0x18 contiki-sky.a(collect-neighbo)
                0x0000000000009292                collect_neighbor_is_congested
 .text.collect_neighbor_link_estimate
                0x00000000000092aa       0x30 contiki-sky.a(collect-neighbo)
                0x00000000000092aa                collect_neighbor_link_estimate
 .text.abc_open
                0x00000000000092da       0x26 contiki-sky.a(abc.o)
                0x00000000000092da                abc_open
 .text.abc_send
                0x0000000000009300        0x6 contiki-sky.a(abc.o)
                0x0000000000009300                abc_send
 .text.abc_input
                0x0000000000009306        0xe contiki-sky.a(abc.o)
                0x0000000000009306                abc_input
 .text.abc_sent
                0x0000000000009314       0x10 contiki-sky.a(abc.o)
                0x0000000000009314                abc_sent
 .text.collect_link_estimate_new
                0x0000000000009324       0x12 contiki-sky.a(collect-link-es)
                0x0000000000009324                collect_link_estimate_new
 .text.collect_link_estimate_update_tx
                0x0000000000009336       0x9e contiki-sky.a(collect-link-es)
                0x0000000000009336                collect_link_estimate_update_tx
 .text.collect_link_estimate_update_tx_fail
                0x00000000000093d4        0xc contiki-sky.a(collect-link-es)
                0x00000000000093d4                collect_link_estimate_update_tx_fail
 .text.collect_link_estimate
                0x00000000000093e0       0x18 contiki-sky.a(collect-link-es)
                0x00000000000093e0                collect_link_estimate
 .text.collect_link_estimate_num_estimates
                0x00000000000093f8        0xe contiki-sky.a(collect-link-es)
                0x00000000000093f8                collect_link_estimate_num_estimates
 .text.send_packet
                0x0000000000009406       0x3a contiki-sky.a(collect.o)
 .text.enqueue_dummy_packet
                0x0000000000009440       0x88 contiki-sky.a(collect.o)
 .text.send_ack
                0x00000000000094c8       0x78 contiki-sky.a(collect.o)
 .text.send_queued_packet
                0x0000000000009540       0xc8 contiki-sky.a(collect.o)
 .text.send_next_packet
                0x0000000000009608       0x2c contiki-sky.a(collect.o)
 .text.update_rtmetric
                0x0000000000009634       0xf8 contiki-sky.a(collect.o)
 .text.received_announcement
                0x000000000000972c       0x9c contiki-sky.a(collect.o)
 .text.set_keepalive_timer
                0x00000000000097c8       0x5e contiki-sky.a(collect.o)
 .text.timedout
                0x0000000000009826       0x38 contiki-sky.a(collect.o)
 .text.retransmit_callback
                0x000000000000985e       0xcc contiki-sky.a(collect.o)
 .text.retransmit_not_sent_callback
                0x000000000000992a        0xc contiki-sky.a(collect.o)
 .text.node_packet_sent
                0x0000000000009936       0x58 contiki-sky.a(collect.o)
 .text.send_keepalive
                0x000000000000998e       0x32 contiki-sky.a(collect.o)
 .text.add_packet_to_recent_packets.part.6
                0x00000000000099c0       0x4c contiki-sky.a(collect.o)
 .text.node_packet_received
                0x0000000000009a0c      0x2f8 contiki-sky.a(collect.o)
 .text.proactive_probing_callback
                0x0000000000009d04       0xe8 contiki-sky.a(collect.o)
 .text.collect_open
                0x0000000000009dec       0xec contiki-sky.a(collect.o)
                0x0000000000009dec                collect_open
 .text.collect_set_keepalive
                0x0000000000009ed8        0xe contiki-sky.a(collect.o)
                0x0000000000009ed8                collect_set_keepalive
 .text.collect_set_sink
                0x0000000000009ee6       0x68 contiki-sky.a(collect.o)
                0x0000000000009ee6                collect_set_sink
 .text.collect_send
                0x0000000000009f4e       0xe8 contiki-sky.a(collect.o)
                0x0000000000009f4e                collect_send
 .text.announcement_init
                0x000000000000a036        0xa contiki-sky.a(announcement.o)
                0x000000000000a036                announcement_init
 .text.announcement_register
                0x000000000000a040       0x3e contiki-sky.a(announcement.o)
                0x000000000000a040                announcement_register
 .text.announcement_set_value
                0x000000000000a07e       0x28 contiki-sky.a(announcement.o)
                0x000000000000a07e                announcement_set_value
 .text.announcement_bump
                0x000000000000a0a6       0x22 contiki-sky.a(announcement.o)
                0x000000000000a0a6                announcement_bump
 .text.announcement_register_observer_callback
                0x000000000000a0c8        0x6 contiki-sky.a(announcement.o)
                0x000000000000a0c8                announcement_register_observer_callback
 .text.announcement_list
                0x000000000000a0ce        0xa contiki-sky.a(announcement.o)
                0x000000000000a0ce                announcement_list
 .text.announcement_heard
                0x000000000000a0d8       0x42 contiki-sky.a(announcement.o)
                0x000000000000a0d8                announcement_heard
 .text.input_packet
                0x000000000000a11a        0x6 contiki-sky.a(csma.o)
 .text.on       0x000000000000a120        0x6 contiki-sky.a(csma.o)
 .text.off      0x000000000000a126        0x6 contiki-sky.a(csma.o)
 .text.channel_check_interval
                0x000000000000a12c       0x10 contiki-sky.a(csma.o)
 .text.transmit_packet_list
                0x000000000000a13c       0x24 contiki-sky.a(csma.o)
 .text.schedule_transmission
                0x000000000000a160       0x94 contiki-sky.a(csma.o)
 .text.send_packet
                0x000000000000a1f4      0x170 contiki-sky.a(csma.o)
 .text.init     0x000000000000a364       0x1a contiki-sky.a(csma.o)
 .text.tx_done  0x000000000000a37e       0x98 contiki-sky.a(csma.o)
 .text.packet_sent
                0x000000000000a416       0xd2 contiki-sky.a(csma.o)
 .text.mac_call_sent_callback
                0x000000000000a4e8       0x14 contiki-sky.a(mac.o)
                0x000000000000a4e8                mac_call_sent_callback
 .text.queuebuf_init
                0x000000000000a4fc       0x12 contiki-sky.a(queuebuf.o)
                0x000000000000a4fc                queuebuf_init
 .text.queuebuf_new_from_packetbuf
                0x000000000000a50e       0x52 contiki-sky.a(queuebuf.o)
                0x000000000000a50e                queuebuf_new_from_packetbuf
 .text.queuebuf_update_attr_from_packetbuf
                0x000000000000a560       0x12 contiki-sky.a(queuebuf.o)
                0x000000000000a560                queuebuf_update_attr_from_packetbuf
 .text.queuebuf_update_from_packetbuf
                0x000000000000a572       0x22 contiki-sky.a(queuebuf.o)
                0x000000000000a572                queuebuf_update_from_packetbuf
 .text.queuebuf_free
                0x000000000000a594       0x2a contiki-sky.a(queuebuf.o)
                0x000000000000a594                queuebuf_free
 .text.queuebuf_to_packetbuf
                0x000000000000a5be       0x32 contiki-sky.a(queuebuf.o)
                0x000000000000a5be                queuebuf_to_packetbuf
 .text.queuebuf_dataptr
                0x000000000000a5f0       0x1c contiki-sky.a(queuebuf.o)
                0x000000000000a5f0                queuebuf_dataptr
 .text.queuebuf_attr
                0x000000000000a60c        0xe contiki-sky.a(queuebuf.o)
                0x000000000000a60c                queuebuf_attr
 .text.packetbuf_hdrreduce
                0x000000000000a61a       0x1a contiki-sky.a(packetbuf.o)
                0x000000000000a61a                packetbuf_hdrreduce
 .text.packetbuf_set_datalen
                0x000000000000a634        0x6 contiki-sky.a(packetbuf.o)
                0x000000000000a634                packetbuf_set_datalen
 .text.packetbuf_hdrptr
                0x000000000000a63a        0x6 contiki-sky.a(packetbuf.o)
                0x000000000000a63a                packetbuf_hdrptr
 .text.packetbuf_datalen
                0x000000000000a640        0x6 contiki-sky.a(packetbuf.o)
                0x000000000000a640                packetbuf_datalen
 .text.packetbuf_hdrlen
                0x000000000000a646        0xa contiki-sky.a(packetbuf.o)
                0x000000000000a646                packetbuf_hdrlen
 .text.packetbuf_dataptr
                0x000000000000a650        0xc contiki-sky.a(packetbuf.o)
                0x000000000000a650                packetbuf_dataptr
 .text.packetbuf_copyto
                0x000000000000a65c       0x46 contiki-sky.a(packetbuf.o)
                0x000000000000a65c                packetbuf_copyto
 .text.packetbuf_compact
                0x000000000000a6a2       0x36 contiki-sky.a(packetbuf.o)
                0x000000000000a6a2                packetbuf_compact
 .text.packetbuf_totlen
                0x000000000000a6d8        0xc contiki-sky.a(packetbuf.o)
                0x000000000000a6d8                packetbuf_totlen
 .text.packetbuf_hdralloc
                0x000000000000a6e4       0x3a contiki-sky.a(packetbuf.o)
                0x000000000000a6e4                packetbuf_hdralloc
 .text.packetbuf_attr_clear
                0x000000000000a71e       0x2c contiki-sky.a(packetbuf.o)
                0x000000000000a71e                packetbuf_attr_clear
 .text.packetbuf_clear
                0x000000000000a74a       0x12 contiki-sky.a(packetbuf.o)
                0x000000000000a74a                packetbuf_clear
 .text.packetbuf_copyfrom
                0x000000000000a75c       0x2e contiki-sky.a(packetbuf.o)
                0x000000000000a75c                packetbuf_copyfrom
 .text.packetbuf_attr_copyto
                0x000000000000a78a       0x20 contiki-sky.a(packetbuf.o)
                0x000000000000a78a                packetbuf_attr_copyto
 .text.packetbuf_attr_copyfrom
                0x000000000000a7aa       0x22 contiki-sky.a(packetbuf.o)
                0x000000000000a7aa                packetbuf_attr_copyfrom
 .text.packetbuf_holds_broadcast
                0x000000000000a7cc        0xe contiki-sky.a(packetbuf.o)
                0x000000000000a7cc                packetbuf_holds_broadcast
 .text.linkaddr_copy
                0x000000000000a7da        0xc contiki-sky.a(linkaddr.o)
                0x000000000000a7da                linkaddr_copy
 .text.linkaddr_cmp
                0x000000000000a7e6       0x12 contiki-sky.a(linkaddr.o)
                0x000000000000a7e6                linkaddr_cmp
 .text.linkaddr_set_node_addr
                0x000000000000a7f8        0xc contiki-sky.a(linkaddr.o)
                0x000000000000a7f8                linkaddr_set_node_addr
 .text.duty_cycle
                0x000000000000a804        0x6 contiki-sky.a(contikimac.o)
 .text.init     0x000000000000a80a       0x2a contiki-sky.a(contikimac.o)
 .text.on       0x000000000000a834       0x1a contiki-sky.a(contikimac.o)
 .text.off      0x000000000000a84e       0x22 contiki-sky.a(contikimac.o)
 .text.recv_burst_off
                0x000000000000a870        0xa contiki-sky.a(contikimac.o)
 .text.turn_off
                0x000000000000a87a       0x20 contiki-sky.a(contikimac.o)
 .text.turn_on  0x000000000000a89a       0x30 contiki-sky.a(contikimac.o)
 .text.schedule_powercycle_fixed.part.4
                0x000000000000a8ca       0x32 contiki-sky.a(contikimac.o)
 .text.powercycle_turn_radio_off
                0x000000000000a8fc       0x30 contiki-sky.a(contikimac.o)
 .text.powercycle_wrapper
                0x000000000000a92c      0x1c2 contiki-sky.a(contikimac.o)
 .text.input_packet
                0x000000000000aaee       0xb2 contiki-sky.a(contikimac.o)
 .text.send_packet.isra.8
                0x000000000000aba0      0x1ec contiki-sky.a(contikimac.o)
 .text.qsend_list
                0x000000000000ad8c       0xd2 contiki-sky.a(contikimac.o)
 .text.qsend_packet
                0x000000000000ae5e       0x28 contiki-sky.a(contikimac.o)
 .text.hdr_length
                0x000000000000ae86        0x8 contiki-sky.a(contikimac-fram)
 .text.parse    0x000000000000ae8e       0x3a contiki-sky.a(contikimac-fram)
 .text.create   0x000000000000aec8       0x74 contiki-sky.a(contikimac-fram)
 .text.init     0x000000000000af3c        0x2 contiki-sky.a(nullsec.o)
 .text.send     0x000000000000af3e        0xa contiki-sky.a(nullsec.o)
 .text.input    0x000000000000af48        0x6 contiki-sky.a(nullsec.o)
 .text.sniffprint
                0x000000000000af4e       0x72 contiki-sky.a(powertrace.o)
 .text.output_printsniffer
                0x000000000000afc0       0x16 contiki-sky.a(powertrace.o)
 .text.add_stats
                0x000000000000afd6       0x54 contiki-sky.a(powertrace.o)
 .text.add_packet_stats
                0x000000000000b02a       0x5e contiki-sky.a(powertrace.o)
 .text.output_sniffer
                0x000000000000b088        0x8 contiki-sky.a(powertrace.o)
 .text.input_sniffer
                0x000000000000b090        0x8 contiki-sky.a(powertrace.o)
 .text.input_printsniffer
                0x000000000000b098       0x70 contiki-sky.a(powertrace.o)
 .text.powertrace_print
                0x000000000000b108      0x820 contiki-sky.a(powertrace.o)
                0x000000000000b108                powertrace_print
 .text.process_thread_powertrace_process
                0x000000000000b928       0x5c contiki-sky.a(powertrace.o)
 .text.powertrace_start
                0x000000000000b984       0x18 contiki-sky.a(powertrace.o)
                0x000000000000b984                powertrace_start
 .text.powertrace_stop
                0x000000000000b99c        0xa contiki-sky.a(powertrace.o)
                0x000000000000b99c                powertrace_stop
 .text.powertrace_sniff
                0x000000000000b9a6       0x1e contiki-sky.a(powertrace.o)
                0x000000000000b9a6                powertrace_sniff
 .text.collect_view_construct_message
                0x000000000000b9c4      0x154 contiki-sky.a(collect-view.o)
                0x000000000000b9c4                collect_view_construct_message
 .text.collect_view_arch_read_sensors
                0x000000000000bb18       0x9c contiki-sky.a(collect-view-sk)
                0x000000000000bb18                collect_view_arch_read_sensors
 .text.crc8_add
                0x000000000000bbb4       0x1c contiki-sky.a(sht11.o)
 .text.sstart   0x000000000000bbd0       0x3e contiki-sky.a(sht11.o)
 .text.swrite   0x000000000000bc0e       0x52 contiki-sky.a(sht11.o)
 .text.sread    0x000000000000bc60       0x4e contiki-sky.a(sht11.o)
 .text.sreset   0x000000000000bcae       0x2a contiki-sky.a(sht11.o)
 .text.scmd.part.0
                0x000000000000bcd8       0xb0 contiki-sky.a(sht11.o)
 .text.sht11_init
                0x000000000000bd88       0x1a contiki-sky.a(sht11.o)
                0x000000000000bd88                sht11_init
 .text.sht11_off
                0x000000000000bda2       0x14 contiki-sky.a(sht11.o)
                0x000000000000bda2                sht11_off
 .text.sht11_temp
                0x000000000000bdb6        0xa contiki-sky.a(sht11.o)
                0x000000000000bdb6                sht11_temp
 .text.sht11_humidity
                0x000000000000bdc0        0xa contiki-sky.a(sht11.o)
                0x000000000000bdc0                sht11_humidity
 .text.sht11_sreg
                0x000000000000bdca       0x7a contiki-sky.a(sht11.o)
                0x000000000000bdca                sht11_sreg
 .text.spi_init
                0x000000000000be44       0x32 contiki-sky.a(spi.o)
                0x000000000000be44                spi_init
 .text.compower_accumulate
                0x000000000000be76       0x72 contiki-sky.a(compower.o)
                0x000000000000be76                compower_accumulate
 .text.compower_clear
                0x000000000000bee8       0x12 contiki-sky.a(compower.o)
                0x000000000000bee8                compower_clear
 .text.compower_attrconv
                0x000000000000befa       0x10 contiki-sky.a(compower.o)
                0x000000000000befa                compower_attrconv
 .text.memb_init
                0x000000000000bf0a       0x36 contiki-sky.a(memb.o)
                0x000000000000bf0a                memb_init
 .text.memb_alloc
                0x000000000000bf40       0x3e contiki-sky.a(memb.o)
                0x000000000000bf40                memb_alloc
 .text.memb_free
                0x000000000000bf7e       0x3a contiki-sky.a(memb.o)
                0x000000000000bf7e                memb_free
 .text.memb_inmemb
                0x000000000000bfb8       0x2e contiki-sky.a(memb.o)
                0x000000000000bfb8                memb_inmemb
 .text.remove_queued_packet
                0x000000000000bfe6       0x36 contiki-sky.a(packetqueue.o)
 .text.packetqueue_enqueue_packetbuf
                0x000000000000c01c       0x7a contiki-sky.a(packetqueue.o)
                0x000000000000c01c                packetqueue_enqueue_packetbuf
 .text.packetqueue_first
                0x000000000000c096        0xa contiki-sky.a(packetqueue.o)
                0x000000000000c096                packetqueue_first
 .text.packetqueue_dequeue
                0x000000000000c0a0       0x40 contiki-sky.a(packetqueue.o)
                0x000000000000c0a0                packetqueue_dequeue
 .text.packetqueue_len
                0x000000000000c0e0        0xa contiki-sky.a(packetqueue.o)
                0x000000000000c0e0                packetqueue_len
 .text.packetqueue_queuebuf
                0x000000000000c0ea        0xe contiki-sky.a(packetqueue.o)
                0x000000000000c0ea                packetqueue_queuebuf
 .text.get_bits_in_byte
                0x000000000000c0f8       0x3a contiki-sky.a(chameleon-bitop)
 .text.header_size
                0x000000000000c132       0x16 contiki-sky.a(chameleon-bitop)
 .text.get_bits
                0x000000000000c148       0xa4 contiki-sky.a(chameleon-bitop)
                0x000000000000c148                get_bits
 .text.unpack_header
                0x000000000000c1ec       0xdc contiki-sky.a(chameleon-bitop)
 .text.set_bits
                0x000000000000c2c8      0x116 contiki-sky.a(chameleon-bitop)
                0x000000000000c2c8                set_bits
 .text.pack_header
                0x000000000000c3de       0xc4 contiki-sky.a(chameleon-bitop)
 .text.sent_by_broadcast
                0x000000000000c4a2       0x10 contiki-sky.a(unicast.o)
 .text.recv_from_broadcast
                0x000000000000c4b2       0x2e contiki-sky.a(unicast.o)
 .text.unicast_open
                0x000000000000c4e0       0x2a contiki-sky.a(unicast.o)
                0x000000000000c4e0                unicast_open
 .text.unicast_send
                0x000000000000c50a       0x16 contiki-sky.a(unicast.o)
                0x000000000000c50a                unicast_send
 .text.mac_sequence_is_duplicate
                0x000000000000c520       0x66 contiki-sky.a(mac-sequence.o)
                0x000000000000c520                mac_sequence_is_duplicate
 .text.mac_sequence_register_seqno
                0x000000000000c586       0x74 contiki-sky.a(mac-sequence.o)
                0x000000000000c586                mac_sequence_register_seqno
 .text.parse    0x000000000000c5fa       0xb0 contiki-sky.a(framer-802154.o)
 .text.create_frame.isra.0
                0x000000000000c6aa      0x114 contiki-sky.a(framer-802154.o)
 .text.create   0x000000000000c7be        0x8 contiki-sky.a(framer-802154.o)
 .text.hdr_length
                0x000000000000c7c6        0x8 contiki-sky.a(framer-802154.o)
 .text.frame802154_get_pan_id
                0x000000000000c7ce        0x6 contiki-sky.a(frame802154.o)
                0x000000000000c7ce                frame802154_get_pan_id
 .text.frame802154_has_panid
                0x000000000000c7d4       0xdc contiki-sky.a(frame802154.o)
                0x000000000000c7d4                frame802154_has_panid
 .text.field_len
                0x000000000000c8b0       0xb2 contiki-sky.a(frame802154.o)
 .text.frame802154_is_broadcast_addr
                0x000000000000c962       0x24 contiki-sky.a(frame802154.o)
                0x000000000000c962                frame802154_is_broadcast_addr
 .text.frame802154_hdrlen
                0x000000000000c986       0x32 contiki-sky.a(frame802154.o)
                0x000000000000c986                frame802154_hdrlen
 .text.frame802154_create_fcf
                0x000000000000c9b8       0x96 contiki-sky.a(frame802154.o)
                0x000000000000c9b8                frame802154_create_fcf
 .text.frame802154_create
                0x000000000000ca4e       0xe4 contiki-sky.a(frame802154.o)
                0x000000000000ca4e                frame802154_create
 .text.frame802154_parse_fcf
                0x000000000000cb32       0xbe contiki-sky.a(frame802154.o)
                0x000000000000cb32                frame802154_parse_fcf
 .text.frame802154_parse
                0x000000000000cbf0      0x18c contiki-sky.a(frame802154.o)
                0x000000000000cbf0                frame802154_parse
 .text.libgcc   0x000000000000cd7c       0x2c /usr/lib/gcc/msp430/4.6.3/mmpy-16/libgcc.a(_mulsi3.o)
                0x000000000000cd7c                __mulsi3
 .text.libgcc   0x000000000000cda8       0x22 /usr/lib/gcc/msp430/4.6.3/mmpy-16/libgcc.a(_udivmod16.o)
                0x000000000000cda8                __udivhi3
                0x000000000000cda8                __ext_udivmod16
                0x000000000000cdc2                __umodhi3
 .text.libgcc   0x000000000000cdca       0x3a /usr/lib/gcc/msp430/4.6.3/mmpy-16/libgcc.a(_divmod16.o)
                0x000000000000cdca                __ext_divmod16
                0x000000000000cdca                __divhi3
                0x000000000000cdfc                __modhi3
 .text.libgcc   0x000000000000ce04       0x40 /usr/lib/gcc/msp430/4.6.3/mmpy-16/libgcc.a(_udivmod32.o)
                0x000000000000ce04                __udivsi3
                0x000000000000ce04                __ext_udivmod32
                0x000000000000ce3a                __umodsi3
 .text.libgcc   0x000000000000ce44       0x4c /usr/lib/gcc/msp430/4.6.3/mmpy-16/libgcc.a(_divmod32.o)
                0x000000000000ce44                __ext_divmod32
                0x000000000000ce44                __divsi3
                0x000000000000ce86                __modsi3
 .text          0x000000000000ce90       0x12 /usr/lib/gcc/msp430/4.6.3/../../../../msp430/lib/mmpy-16/libc.a(strchr.o)
                0x000000000000ce90                strchr
 .text          0x000000000000cea2       0x1e /usr/lib/gcc/msp430/4.6.3/../../../../msp430/lib/mmpy-16/libc.a(strcmp.o)
                0x000000000000cea2                strcmp
 .text          0x000000000000cec0       0x28 /usr/lib/gcc/msp430/4.6.3/../../../../msp430/lib/mmpy-16/libc.a(strncmp.o)
                0x000000000000cec0                strncmp
 .text          0x000000000000cee8       0x20 /usr/lib/gcc/msp430/4.6.3/../../../../msp430/lib/mmpy-16/libc.a(memcmp.o)
                0x000000000000cee8                memcmp
 .text          0x000000000000cf08       0x14 /usr/lib/gcc/msp430/4.6.3/../../../../msp430/lib/mmpy-16/libc.a(strcpy.o)
                0x000000000000cf08                strcpy
 .text          0x000000000000cf1c       0x2a /usr/lib/gcc/msp430/4.6.3/../../../../msp430/lib/mmpy-16/libc.a(strncpy.o)
                0x000000000000cf1c                strncpy
 .text          0x000000000000cf46       0xfa /usr/lib/gcc/msp430/4.6.3/../../../../msp430/lib/mmpy-16/libc.a(memcpy.o)
                0x000000000000cf46                memcpy
 .text          0x000000000000d040       0x6a /usr/lib/gcc/msp430/4.6.3/../../../../msp430/lib/mmpy-16/libc.a(memset.o)
                0x000000000000d040                memset
 .text          0x000000000000d0aa       0x1e /usr/lib/gcc/msp430/4.6.3/../../../../msp430/lib/mmpy-16/libc.a(printf.o)
                0x000000000000d0aa                printf
                0x000000000000d0ba                vprintf
 .text          0x000000000000d0c8       0xbc /usr/lib/gcc/msp430/4.6.3/../../../../msp430/lib/mmpy-16/libc.a(sprintf.o)
                0x000000000000d126                sprintf
                0x000000000000d142                snprintf
                0x000000000000d15c                vsprintf
                0x000000000000d172                vsnprintf
 .text          0x000000000000d184      0x836 /usr/lib/gcc/msp430/4.6.3/../../../../msp430/lib/mmpy-16/libc.a(vuprintf.o)
                0x000000000000d31c                vuprintf
 .text          0x000000000000d9ba       0x2c /usr/lib/gcc/msp430/4.6.3/../../../../msp430/lib/mmpy-16/libc.a(puts.o)
                0x000000000000d9ba                puts
 .text          0x000000000000d9e6       0x54 /usr/lib/gcc/msp430/4.6.3/../../../../msp430/lib/mmpy-16/libc.a(rand.o)
                0x000000000000d9e6                rand_r
                0x000000000000da0a                rand
                0x000000000000da30                srand
 .text.libgcc   0x000000000000da3a       0xf0 /usr/lib/gcc/msp430/4.6.3/mmpy-16/libgcc.a(_udivmod64.o)
                0x000000000000da3a                __xabi_udivmod64
                0x000000000000da98                __udivdi3
                0x000000000000dabe                __umoddi3
                0x000000000000daec                __udivmoddi4
 .text.crt0     0x000000000000db2a        0x2 /usr/lib/gcc/msp430/4.6.3/mmpy-16/libcrt0.a(_unexpected_.o)
                0x000000000000db2a                _unexpected_
                0x000000000000db2c                . = ALIGN (0x2)

.rodata         0x000000000000db2c      0xcbe
                0x000000000000db2c                . = ALIGN (0x2)
 *(.rodata .rodata.* .gnu.linkonce.r.*)
 .rodata        0x000000000000db2c       0x20 collect-view-shell.co
                0x000000000000db2c                autostart_processes
 .rodata        0x000000000000db4c       0xe7 obj_sky/contiki-sky-main.o
 .rodata        0x000000000000dc33       0x24 contiki-sky.a(serial-shell.o)
 .rodata        0x000000000000dc57      0x19e contiki-sky.a(shell.o)
 .rodata        0x000000000000ddf5       0x48 contiki-sky.a(shell-reboot.o)
 .rodata        0x000000000000de3d       0x2c contiki-sky.a(shell-blink.o)
 .rodata        0x000000000000de69       0xbd contiki-sky.a(shell-text.o)
 .rodata        0x000000000000df26      0x155 contiki-sky.a(shell-time.o)
 .rodata        0x000000000000e07b       0x89 contiki-sky.a(shell-powertrac)
 .rodata        0x000000000000e104      0x1b4 contiki-sky.a(shell-rime.o)
 .rodata        0x000000000000e2b8       0xac contiki-sky.a(shell-rime-netc)
 .rodata        0x000000000000e364       0x54 contiki-sky.a(shell-collect-v)
 .rodata        0x000000000000e3b8      0x15e contiki-sky.a(shell-sky.o)
 .rodata        0x000000000000e516        0xe contiki-sky.a(sht11-sensor.o)
                0x000000000000e51c                sht11_sensor
 .rodata        0x000000000000e524        0xe contiki-sky.a(light-sensor.o)
                0x000000000000e52a                light_sensor
 .rodata        0x000000000000e532       0x10 contiki-sky.a(battery-sensor.)
                0x000000000000e53a                battery_sensor
 .rodata        0x000000000000e542       0x10 contiki-sky.a(button-sensor.o)
                0x000000000000e54a                button_sensor
 .rodata        0x000000000000e552        0x8 contiki-sky.a(sensors.o)
 .rodata        0x000000000000e55a       0x70 contiki-sky.a(cc2420.o)
                0x000000000000e58c                cc2420_aes_128_driver
                0x000000000000e590                cc2420_driver
 .rodata        0x000000000000e5ca        0xf contiki-sky.a(ctimer.o)
 .rodata        0x000000000000e5d9        0xc contiki-sky.a(etimer.o)
 .rodata        0x000000000000e5e5        0xe contiki-sky.a(serial-line.o)
 *fill*         0x000000000000e5f3        0x1 00
 .rodata        0x000000000000e5f4        0xc contiki-sky.a(rime.o)
                0x000000000000e5fa                rime_driver
 .rodata        0x000000000000e600        0x4 contiki-sky.a(broadcast-annou)
 .rodata        0x000000000000e604        0xa contiki-sky.a(trickle.o)
 .rodata        0x000000000000e60e        0x8 contiki-sky.a(broadcast.o)
 .rodata        0x000000000000e616        0x2 contiki-sky.a(abc.o)
 .rodata        0x000000000000e618       0x18 contiki-sky.a(collect.o)
 .rodata        0x000000000000e630       0x14 contiki-sky.a(csma.o)
                0x000000000000e636                csma_driver
 .rodata        0x000000000000e644        0x2 contiki-sky.a(linkaddr.o)
                0x000000000000e644                linkaddr_null
 .rodata        0x000000000000e646       0x1c contiki-sky.a(contikimac.o)
                0x000000000000e652                contikimac_driver
 .rodata        0x000000000000e662        0x6 contiki-sky.a(contikimac-fram)
                0x000000000000e662                contikimac_framer
 .rodata        0x000000000000e668       0x10 contiki-sky.a(nullsec.o)
                0x000000000000e670                nullsec_driver
 .rodata        0x000000000000e678      0x148 contiki-sky.a(powertrace.o)
 .rodata        0x000000000000e7c0       0x10 contiki-sky.a(chameleon-bitop)
                0x000000000000e7c0                chameleon_bitopt
 .rodata        0x000000000000e7d0        0xa contiki-sky.a(unicast.o)
 .rodata        0x000000000000e7da        0x6 contiki-sky.a(framer-802154.o)
                0x000000000000e7da                framer_802154
 .rodata        0x000000000000e7e0        0x2 contiki-sky.a(frame802154.o)
 .rodata        0x000000000000e7e2        0x7 /usr/lib/gcc/msp430/4.6.3/../../../../msp430/lib/mmpy-16/libc.a(vuprintf.o)
                0x000000000000e7ea                . = ALIGN (0x2)
 *fill*         0x000000000000e7e9        0x1 00
                0x000000000000e7ea                _etext = .

.data           0x0000000000001100      0x338 load address 0x000000000000e7ea
                0x0000000000001100                . = ALIGN (0x2)
                0x0000000000001100                PROVIDE (__data_start, .)
 *(.data .data.* .gnu.linkonce.d.*)
 .data          0x0000000000001100        0xa collect-view-shell.co
                0x0000000000001100                collect_view_shell_process
 .data          0x000000000000110a        0xa contiki-sky.a(serial-shell.o)
                0x000000000000110a                serial_shell_process
 .data          0x0000000000001114       0xac contiki-sky.a(shell.o)
                0x0000000000001114                shell_exit_process
                0x000000000000111e                shell_null_process
                0x0000000000001128                shell_kill_process
                0x0000000000001132                shell_killall_process
                0x000000000000113c                help_command_process
                0x0000000000001146                shell_server_process
                0x0000000000001150                shell_process
 .data          0x00000000000011c0       0x14 contiki-sky.a(shell-reboot.o)
                0x00000000000011c0                shell_reboot_process
 .data          0x00000000000011d4       0x14 contiki-sky.a(shell-blink.o)
                0x00000000000011d4                shell_blink_process
 .data          0x00000000000011e8       0x50 contiki-sky.a(shell-text.o)
                0x00000000000011e8                shell_size_process
                0x00000000000011f2                shell_hd_process
                0x00000000000011fc                shell_binprint_process
                0x0000000000001206                shell_echo_process
 .data          0x0000000000001238       0x5a contiki-sky.a(shell-time.o)
                0x0000000000001238                shell_randwait_process
                0x0000000000001242                shell_repeat_server_process
                0x000000000000124c                shell_repeat_process
                0x0000000000001256                shell_timestamp_process
                0x0000000000001260                shell_time_process
 .data          0x0000000000001292       0x14 contiki-sky.a(shell-powertrac)
                0x0000000000001292                shell_powertrace_process
 .data          0x00000000000012a6       0x64 contiki-sky.a(shell-rime.o)
                0x00000000000012a6                shell_packetize_process
                0x00000000000012b0                shell_routes_process
                0x00000000000012ba                shell_collect_process
                0x00000000000012c4                shell_send_process
                0x00000000000012ce                shell_mac_process
 .data          0x000000000000130a       0x1e contiki-sky.a(shell-rime-netc)
                0x000000000000130a                shell_netcmd_server_process
                0x0000000000001314                shell_netcmd_process
 .data          0x0000000000001328       0x14 contiki-sky.a(shell-collect-v)
                0x0000000000001328                collect_view_data_process
 .data          0x000000000000133c       0x64 contiki-sky.a(shell-sky.o)
                0x000000000000133c                shell_rfchannel_process
                0x0000000000001346                shell_txpower_process
                0x0000000000001350                shell_senseconv_process
                0x000000000000135a                shell_sense_process
                0x0000000000001364                shell_nodeid_process
 .data          0x00000000000013a0        0x4 contiki-sky.a(contiki-sky-pla)
                0x00000000000013a0                sensors
 .data          0x00000000000013a4        0x1 contiki-sky.a(sht11-sensor.o)
 *fill*         0x00000000000013a5        0x1 00
 .data          0x00000000000013a6        0xa contiki-sky.a(sensors.o)
                0x00000000000013a6                sensors_process
 .data          0x00000000000013b0        0xc contiki-sky.a(cc2420.o)
                0x00000000000013b0                cc2420_process
 .data          0x00000000000013bc        0x2 contiki-sky.a(msp430.o)
 .data          0x00000000000013be        0xa contiki-sky.a(ctimer.o)
                0x00000000000013be                ctimer_process
 .data          0x00000000000013c8        0xa contiki-sky.a(etimer.o)
                0x00000000000013c8                etimer_process
 .data          0x00000000000013d2        0xa contiki-sky.a(serial-line.o)
                0x00000000000013d2                serial_line_process
 .data          0x00000000000013dc        0x8 contiki-sky.a(collect-neighbo)
 .data          0x00000000000013e4        0x8 contiki-sky.a(collect.o)
 .data          0x00000000000013ec       0x18 contiki-sky.a(csma.o)
 .data          0x0000000000001404       0x10 contiki-sky.a(queuebuf.o)
 .data          0x0000000000001414       0x1e contiki-sky.a(powertrace.o)
                0x0000000000001414                powertrace_process
 .data          0x0000000000001432        0x2 contiki-sky.a(frame802154.o)
 .data          0x0000000000001434        0x4 /usr/lib/gcc/msp430/4.6.3/../../../../msp430/lib/mmpy-16/libc.a(rand.o)
                0x0000000000001438                . = ALIGN (0x2)
                0x0000000000001438                _edata = .
                0x000000000000e7ea                PROVIDE (__data_load_start, LOADADDR (.data))
                0x0000000000000338                PROVIDE (__data_size, SIZEOF (.data))

.bss            0x0000000000001438     0x1cbe load address 0x000000000000eb22
                0x0000000000001438                PROVIDE (__bss_start, .)
 *(.bss .bss.*)
 .bss           0x0000000000001438        0xc obj_sky/contiki-sky-main.o
 .bss           0x0000000000001444       0x16 contiki-sky.a(shell.o)
 .bss           0x000000000000145a        0xc contiki-sky.a(shell-reboot.o)
 .bss           0x0000000000001466       0x12 contiki-sky.a(shell-blink.o)
 .bss           0x0000000000001478        0x4 contiki-sky.a(shell-text.o)
 .bss           0x000000000000147c       0xa6 contiki-sky.a(shell-time.o)
 .bss           0x0000000000001522        0xc contiki-sky.a(shell-rime.o)
 .bss           0x000000000000152e       0x58 contiki-sky.a(shell-rime-netc)
 .bss           0x0000000000001586       0x82 contiki-sky.a(shell-sky.o)
 .bss           0x0000000000001608        0x8 contiki-sky.a(button-sensor.o)
 .bss           0x0000000000001610        0x2 contiki-sky.a(node-id.o)
                0x0000000000001610                node_id
 .bss           0x0000000000001612        0x6 contiki-sky.a(sensors.o)
 .bss           0x0000000000001618        0xa contiki-sky.a(cc2420.o)
 .bss           0x0000000000001622        0x4 contiki-sky.a(sky-sensors.o)
 .bss           0x0000000000001626       0x9a contiki-sky.a(uart1.o)
 .bss           0x00000000000016c0        0xa contiki-sky.a(clock.o)
 .bss           0x00000000000016ca        0x1 contiki-sky.a(leds.o)
 *fill*         0x00000000000016cb        0x1 00
 .bss           0x00000000000016cc        0x2 contiki-sky.a(watchdog.o)
 .bss           0x00000000000016ce        0x4 contiki-sky.a(ctimer.o)
 .bss           0x00000000000016d2        0x6 contiki-sky.a(etimer.o)
 .bss           0x00000000000016d8       0x38 contiki-sky.a(process.o)
                0x00000000000016d8                process_current
                0x00000000000016da                process_list
 .bss           0x0000000000001710        0x2 contiki-sky.a(rtimer.o)
 .bss           0x0000000000001712      0x10a contiki-sky.a(serial-line.o)
 .bss           0x000000000000181c        0x2 contiki-sky.a(rime.o)
 .bss           0x000000000000181e       0x46 contiki-sky.a(broadcast-annou)
 .bss           0x0000000000001864       0x7e contiki-sky.a(route.o)
 .bss           0x00000000000018e2        0x2 contiki-sky.a(channel.o)
 .bss           0x00000000000018e4      0x322 contiki-sky.a(collect-neighbo)
 .bss           0x0000000000001c06      0x1be contiki-sky.a(collect.o)
 .bss           0x0000000000001dc4        0x6 contiki-sky.a(announcement.o)
 .bss           0x0000000000001dca      0x124 contiki-sky.a(csma.o)
 .bss           0x0000000000001eee      0xc20 contiki-sky.a(queuebuf.o)
 .bss           0x0000000000002b0e       0x86 contiki-sky.a(packetbuf.o)
 .bss           0x0000000000002b94       0x32 contiki-sky.a(contikimac.o)
 .bss           0x0000000000002bc6      0x2fe contiki-sky.a(powertrace.o)
 .bss           0x0000000000002ec4       0x10 contiki-sky.a(collect-view.o)
 .bss           0x0000000000002ed4        0x8 contiki-sky.a(compower.o)
 .bss           0x0000000000002edc       0x80 contiki-sky.a(mac-sequence.o)
 .bss           0x0000000000002f5c        0x2 contiki-sky.a(framer-802154.o)
 .bss           0x0000000000002f5e        0x4 /usr/lib/gcc/msp430/4.6.3/../../../../msp430/lib/mmpy-16/libc.a(sprintf.o)
 *(COMMON)
 COMMON         0x0000000000002f62        0x2 contiki-sky.a(shell.o)
                0x0000000000002f62                shell_event_input
 COMMON         0x0000000000002f64       0x9e contiki-sky.a(shell-rime.o)
                0x0000000000002f64                shell_collect_conn
 COMMON         0x0000000000003002        0x2 contiki-sky.a(contiki-sky-pla)
                0x0000000000003002                sensors_flags
 COMMON         0x0000000000003004        0x8 contiki-sky.a(ds2411.o)
                0x0000000000003004                ds2411_id
 COMMON         0x000000000000300c        0x1 contiki-sky.a(sensors.o)
                0x000000000000300c                sensors_event
 *fill*         0x000000000000300d        0x1 00
 COMMON         0x000000000000300e       0x10 contiki-sky.a(cc2420.o)
                0x000000000000300e                cc2420_last_rssi
                0x0000000000003010                cc2420_sfd_start_time
                0x0000000000003012                cc2420_time_of_departure
                0x0000000000003014                cc2420_time_of_arrival
                0x0000000000003016                cc2420_last_correlation
                0x0000000000003018                cc2420_authority_level_of_sender
                0x000000000000301a                cc2420_sfd_counter
                0x000000000000301c                cc2420_sfd_end_time
 COMMON         0x000000000000301e        0x2 contiki-sky.a(msp430.o)
                0x000000000000301e                msp430_dco_required
 COMMON         0x0000000000003020       0x56 contiki-sky.a(energest.o)
                0x0000000000003020                energest_total_time
                0x0000000000003050                energest_total_count
                0x0000000000003052                energest_current_mode
                0x000000000000305e                energest_current_time
 COMMON         0x0000000000003076        0x1 contiki-sky.a(process.o)
                0x0000000000003076                process_maxevents
 COMMON         0x0000000000003077        0x1 contiki-sky.a(serial-line.o)