Archive member included because of file (symbol)

contiki-sky.a(servreg-hack.o)
                              unicast-receiver.co (servreg_hack_init)
contiki-sky.a(contiki-sky-pla)
                              obj_sky/contiki-sky-main.o (init_platform)
contiki-sky.a(button-sensor.o)
                              contiki-sky.a(contiki-sky-pla) (button_sensor)
contiki-sky.a(ds2411.o)       obj_sky/contiki-sky-main.o (ds2411_init)
contiki-sky.a(xmem.o)         obj_sky/contiki-sky-main.o (xmem_init)
contiki-sky.a(node-id.o)      obj_sky/contiki-sky-main.o (node_id_restore)
contiki-sky.a(sensors.o)      contiki-sky.a(button-sensor.o) (sensors_changed)
contiki-sky.a(cc2420.o)       obj_sky/contiki-sky-main.o (cc2420_set_pan_addr)
contiki-sky.a(cc2420-arch.o)  contiki-sky.a(cc2420.o) (cc2420_arch_init)
contiki-sky.a(uart1.o)        obj_sky/contiki-sky-main.o (uart1_active)
contiki-sky.a(uart1-putchar.o)
                              unicast-receiver.co (putchar)
contiki-sky.a(msp430.o)       contiki-sky.a(uart1.o) (msp430_add_lpm_req)
contiki-sky.a(clock.o)        obj_sky/contiki-sky-main.o (clock_init)
contiki-sky.a(leds.o)         obj_sky/contiki-sky-main.o (leds_init)
contiki-sky.a(leds-arch.o)    contiki-sky.a(leds.o) (leds_arch_init)
contiki-sky.a(watchdog.o)     obj_sky/contiki-sky-main.o (watchdog_start)
contiki-sky.a(rtimer-arch.o)  obj_sky/contiki-sky-main.o (rtimer_arch_now)
contiki-sky.a(ctimer.o)       obj_sky/contiki-sky-main.o (ctimer_init)
contiki-sky.a(autostart.o)    obj_sky/contiki-sky-main.o (autostart_start)
contiki-sky.a(energest.o)     obj_sky/contiki-sky-main.o (energest_init)
contiki-sky.a(etimer.o)       contiki-sky.a(clock.o) (etimer_request_poll)
contiki-sky.a(process.o)      contiki-sky.a(servreg-hack.o) (process_current)
contiki-sky.a(rtimer.o)       obj_sky/contiki-sky-main.o (rtimer_init)
contiki-sky.a(timer.o)        obj_sky/contiki-sky-main.o (timer_set)
contiki-sky.a(list.o)         contiki-sky.a(servreg-hack.o) (list_init)
contiki-sky.a(memb.o)         contiki-sky.a(servreg-hack.o) (memb_init)
contiki-sky.a(random.o)       obj_sky/contiki-sky-main.o (random_init)
contiki-sky.a(uip-ds6.o)      unicast-receiver.co (uip_ds6_addr_lookup)
contiki-sky.a(uip-ds6-route.o)
                              contiki-sky.a(uip-ds6.o) (uip_ds6_route_init)
contiki-sky.a(uip6.o)         contiki-sky.a(servreg-hack.o) (uip_appdata)
contiki-sky.a(uip-ds6-nbr.o)  contiki-sky.a(uip-ds6.o) (uip_ds6_neighbors_init)
contiki-sky.a(uip-nd6.o)      contiki-sky.a(uip6.o) (uip_nd6_init)
contiki-sky.a(sicslowpan.o)   obj_sky/contiki-sky-main.o (sicslowpan_driver)
contiki-sky.a(uip-debug.o)    unicast-receiver.co (uip_debug_ipaddr_print)
contiki-sky.a(uip-udp-packet.)
                              contiki-sky.a(servreg-hack.o) (uip_udp_packet_send)
contiki-sky.a(tcpip.o)        contiki-sky.a(sicslowpan.o) (tcpip_set_outputfunc)
contiki-sky.a(simple-udp.o)   unicast-receiver.co (simple_udp_register)
contiki-sky.a(rpl-dag.o)      unicast-receiver.co (rpl_set_prefix)
contiki-sky.a(rpl-timers.o)   contiki-sky.a(rpl-dag.o) (rpl_reset_dio_timer)
contiki-sky.a(rpl-ext-header.)
                              contiki-sky.a(uip6.o) (rpl_verify_hbh_header)
contiki-sky.a(rpl.o)          contiki-sky.a(rpl-timers.o) (rpl_get_mode)
contiki-sky.a(rpl-mrhof.o)    contiki-sky.a(rpl-dag.o) (rpl_mrhof)
contiki-sky.a(rpl-icmp6.o)    contiki-sky.a(rpl-dag.o) (rpl_icmp6_update_nbr_table)
contiki-sky.a(csma.o)         obj_sky/contiki-sky-main.o (csma_driver)
contiki-sky.a(mac.o)          contiki-sky.a(csma.o) (mac_call_sent_callback)
contiki-sky.a(framer-802154.o)
                              contiki-sky.a(sicslowpan.o) (framer_802154)
contiki-sky.a(queuebuf.o)     obj_sky/contiki-sky-main.o (queuebuf_init)
contiki-sky.a(nbr-table.o)    contiki-sky.a(uip-ds6-route.o) (nbr_table_register)
contiki-sky.a(packetbuf.o)    contiki-sky.a(framer-802154.o) (packetbuf_hdrreduce)
contiki-sky.a(linkaddr.o)     obj_sky/contiki-sky-main.o (linkaddr_copy)
contiki-sky.a(link-stats.o)   contiki-sky.a(rpl-dag.o) (link_stats_from_lladdr)
contiki-sky.a(contikimac.o)   obj_sky/contiki-sky-main.o (contikimac_driver)
contiki-sky.a(nullsec.o)      obj_sky/contiki-sky-main.o (nullsec_driver)
contiki-sky.a(spi.o)          contiki-sky.a(xmem.o) (spi_init)
contiki-sky.a(stimer.o)       contiki-sky.a(uip-ds6.o) (stimer_set)
contiki-sky.a(compower.o)     contiki-sky.a(contikimac.o) (compower_accumulate)
contiki-sky.a(uip-icmp6.o)    contiki-sky.a(uip6.o) (uip_icmp6_input)
contiki-sky.a(rpl-nbr-policy.)
                              contiki-sky.a(nbr-table.o) (rpl_nbr_policy_find_removable)
contiki-sky.a(mac-sequence.o)
                              contiki-sky.a(contikimac.o) (mac_sequence_is_duplicate)
contiki-sky.a(frame802154.o)  contiki-sky.a(framer-802154.o) (frame802154_get_pan_id)
/usr/lib/gcc/msp430/4.6.3/mmpy-16/libgcc.a(_mulsi3.o)
                              contiki-sky.a(rpl-timers.o) (__mulsi3)
/usr/lib/gcc/msp430/4.6.3/mmpy-16/libgcc.a(_udivmod16.o)
[...]
Memory Configuration

Name             Origin             Length             Attributes
sfr              0x0000000000000000 0x0000000000000010
peripheral_8bit  0x0000000000000010 0x00000000000000f0
peripheral_16bit 0x0000000000000100 0x0000000000000100
ram_mirror       0x0000000000000200 0x0000000000000800 xw
infomem          0x0000000000001000 0x0000000000000100
infob            0x0000000000001000 0x0000000000000080
infoa            0x0000000000001080 0x0000000000000080
ram              0x0000000000001100 0x0000000000002800 xw
rom              0x0000000000004000 0x000000000000bfe0 xr
vectors          0x000000000000ffe0 0x0000000000000020
bsl              0x0000000000000000 0x0000000000000000
infoc            0x0000000000000000 0x0000000000000000
infod            0x0000000000000000 0x0000000000000000
ram2             0x0000000000000000 0x0000000000000000 xw
usbram           0x0000000000000000 0x0000000000000000 xw
far_rom          0x0000000000000000 0x0000000000000000
*default*        0x0000000000000000 0xffffffffffffffff

Linker script and memory map

LOAD /usr/lib/gcc/msp430/4.6.3/mmpy-16/crt0ivtbl16.o
LOAD unicast-receiver.co
LOAD obj_sky/contiki-sky-main.o
LOAD contiki-sky.a
LOAD /usr/lib/gcc/msp430/4.6.3/mmpy-16/libgcc.a
LOAD /usr/lib/gcc/msp430/4.6.3/../../../../msp430/lib/mmpy-16/libc.a
LOAD /usr/lib/gcc/msp430/4.6.3/mmpy-16/libgcc.a
LOAD /usr/lib/gcc/msp430/4.6.3/mmpy-16/libcrt0.a
                0x0000000000000080                PROVIDE (__info_segment_size, 0x80)
                0x0000000000001000                PROVIDE (__infob, 0x1000)
                0x0000000000001080                PROVIDE (__infoa, 0x1080)
                0x0000000000000000                __IE1 = 0x0
                0x0000000000000002                __IFG1 = 0x2
                0x0000000000000004                __ME1 = 0x4
                0x0000000000000001                __IE2 = 0x1
                0x0000000000000003                __IFG2 = 0x3
                0x0000000000000005                __ME2 = 0x5
                0x0000000000000120                __WDTCTL = 0x120
                0x0000000000000130                __MPY = 0x130
                0x0000000000000132                __MPYS = 0x132
                0x0000000000000134                __MAC = 0x134
                0x0000000000000136                __MACS = 0x136
                0x0000000000000138                __OP2 = 0x138
                0x000000000000013a                __RESLO = 0x13a
                0x000000000000013c                __RESHI = 0x13c
                0x000000000000013e                __SUMEXT = 0x13e
                0x0000000000000020                __P1IN = 0x20
                0x0000000000000021                __P1OUT = 0x21
                0x0000000000000022                __P1DIR = 0x22
                0x0000000000000023                __P1IFG = 0x23
                0x0000000000000024                __P1IES = 0x24
                0x0000000000000025                __P1IE = 0x25
                0x0000000000000026                __P1SEL = 0x26
                0x0000000000000028                __P2IN = 0x28
                0x0000000000000029                __P2OUT = 0x29
                0x000000000000002a                __P2DIR = 0x2a
                0x000000000000002b                __P2IFG = 0x2b
                0x000000000000002c                __P2IES = 0x2c
                0x000000000000002d                __P2IE = 0x2d
                0x000000000000002e                __P2SEL = 0x2e
                0x0000000000000018                __P3IN = 0x18
                0x0000000000000019                __P3OUT = 0x19
                0x000000000000001a                __P3DIR = 0x1a
                0x000000000000001b                __P3SEL = 0x1b
                0x000000000000001c                __P4IN = 0x1c
                0x000000000000001d                __P4OUT = 0x1d
                0x000000000000001e                __P4DIR = 0x1e
                0x000000000000001f                __P4SEL = 0x1f
                0x0000000000000030                __P5IN = 0x30
                0x0000000000000031                __P5OUT = 0x31
                0x0000000000000032                __P5DIR = 0x32
                0x0000000000000033                __P5SEL = 0x33
                0x0000000000000034                __P6IN = 0x34
                0x0000000000000035                __P6OUT = 0x35
                0x0000000000000036                __P6DIR = 0x36
                0x0000000000000037                __P6SEL = 0x37
                0x0000000000000070                __U0CTL = 0x70
                0x0000000000000071                __U0TCTL = 0x71
                0x0000000000000072                __U0RCTL = 0x72
                0x0000000000000073                __U0MCTL = 0x73
                0x0000000000000074                __U0BR0 = 0x74
                0x0000000000000075                __U0BR1 = 0x75
                0x0000000000000076                __U0RXBUF = 0x76
                0x0000000000000077                __U0TXBUF = 0x77
                0x0000000000000078                __U1CTL = 0x78
                0x0000000000000079                __U1TCTL = 0x79
                0x000000000000007a                __U1RCTL = 0x7a
                0x000000000000007b                __U1MCTL = 0x7b
                0x000000000000007c                __U1BR0 = 0x7c
                0x000000000000007d                __U1BR1 = 0x7d
                0x000000000000007e                __U1RXBUF = 0x7e
                0x000000000000007f                __U1TXBUF = 0x7f
                0x0000000000000050                __I2CIE = 0x50
                0x0000000000000051                __I2CIFG = 0x51
                0x0000000000000052                __I2CNDAT = 0x52
                0x0000000000000071                __I2CTCTL = 0x71
                0x0000000000000072                __I2CDCTL = 0x72
                0x0000000000000073                __I2CPSC = 0x73
                0x0000000000000074                __I2CSCLH = 0x74
                0x0000000000000075                __I2CSCLL = 0x75
                0x0000000000000076                __I2CDRB = 0x76
                0x0000000000000076                __I2CDRW = 0x76
                0x0000000000000118                __I2COA = 0x118
                0x000000000000011a                __I2CSA = 0x11a
                0x000000000000011c                __I2CIV = 0x11c
                0x000000000000012e                __TAIV = 0x12e
                0x0000000000000160                __TACTL = 0x160
                0x0000000000000162                __TACCTL0 = 0x162
                0x0000000000000164                __TACCTL1 = 0x164
                0x0000000000000166                __TACCTL2 = 0x166
                0x0000000000000170                __TAR = 0x170
                0x0000000000000172                __TACCR0 = 0x172
                0x0000000000000174                __TACCR1 = 0x174
                0x0000000000000176                __TACCR2 = 0x176
                0x000000000000011e                __TBIV = 0x11e
                0x0000000000000180                __TBCTL = 0x180
                0x0000000000000182                __TBCCTL0 = 0x182
                0x0000000000000184                __TBCCTL1 = 0x184
                0x0000000000000186                __TBCCTL2 = 0x186
                0x0000000000000188                __TBCCTL3 = 0x188
                0x000000000000018a                __TBCCTL4 = 0x18a
                0x000000000000018c                __TBCCTL5 = 0x18c
                0x000000000000018e                __TBCCTL6 = 0x18e
                0x0000000000000190                __TBR = 0x190
                0x0000000000000192                __TBCCR0 = 0x192
                0x0000000000000194                __TBCCR1 = 0x194
                0x0000000000000196                __TBCCR2 = 0x196
                0x0000000000000198                __TBCCR3 = 0x198
                0x000000000000019a                __TBCCR4 = 0x19a
                0x000000000000019c                __TBCCR5 = 0x19c
                0x000000000000019e                __TBCCR6 = 0x19e
                0x0000000000000056                __DCOCTL = 0x56
                0x0000000000000057                __BCSCTL1 = 0x57
                0x0000000000000058                __BCSCTL2 = 0x58
                0x0000000000000055                __SVSCTL = 0x55
                0x0000000000000128                __FCTL1 = 0x128
                0x000000000000012a                __FCTL2 = 0x12a
                0x000000000000012c                __FCTL3 = 0x12c
                0x0000000000000059                __CACTL1 = 0x59
                0x000000000000005a                __CACTL2 = 0x5a
                0x000000000000005b                __CAPD = 0x5b
                0x00000000000001a0                __ADC12CTL0 = 0x1a0
                0x00000000000001a2                __ADC12CTL1 = 0x1a2
                0x00000000000001a4                __ADC12IFG = 0x1a4
                0x00000000000001a6                __ADC12IE = 0x1a6
                0x00000000000001a8                __ADC12IV = 0x1a8
                0x0000000000000140                __ADC12MEM0 = 0x140
                0x0000000000000142                __ADC12MEM1 = 0x142
                0x0000000000000144                __ADC12MEM2 = 0x144
                0x0000000000000146                __ADC12MEM3 = 0x146
                0x0000000000000148                __ADC12MEM4 = 0x148
                0x000000000000014a                __ADC12MEM5 = 0x14a
                0x000000000000014c                __ADC12MEM6 = 0x14c
                0x000000000000014e                __ADC12MEM7 = 0x14e
                0x0000000000000150                __ADC12MEM8 = 0x150
                0x0000000000000152                __ADC12MEM9 = 0x152
                0x0000000000000154                __ADC12MEM10 = 0x154
                0x0000000000000156                __ADC12MEM11 = 0x156
                0x0000000000000158                __ADC12MEM12 = 0x158
                0x000000000000015a                __ADC12MEM13 = 0x15a
                0x000000000000015c                __ADC12MEM14 = 0x15c
                0x000000000000015e                __ADC12MEM15 = 0x15e
                0x0000000000000080                __ADC12MCTL0 = 0x80
                0x0000000000000081                __ADC12MCTL1 = 0x81
                0x0000000000000082                __ADC12MCTL2 = 0x82
                0x0000000000000083                __ADC12MCTL3 = 0x83
                0x0000000000000084                __ADC12MCTL4 = 0x84
                0x0000000000000085                __ADC12MCTL5 = 0x85
                0x0000000000000086                __ADC12MCTL6 = 0x86
                0x0000000000000087                __ADC12MCTL7 = 0x87
                0x0000000000000088                __ADC12MCTL8 = 0x88
                0x0000000000000089                __ADC12MCTL9 = 0x89
                0x000000000000008a                __ADC12MCTL10 = 0x8a
                0x000000000000008b                __ADC12MCTL11 = 0x8b
                0x000000000000008c                __ADC12MCTL12 = 0x8c
                0x000000000000008d                __ADC12MCTL13 = 0x8d
                0x000000000000008e                __ADC12MCTL14 = 0x8e
                0x000000000000008f                __ADC12MCTL15 = 0x8f
                0x00000000000001c0                __DAC12_0CTL = 0x1c0
                0x00000000000001c2                __DAC12_1CTL = 0x1c2
                0x00000000000001c8                __DAC12_0DAT = 0x1c8
                0x00000000000001ca                __DAC12_1DAT = 0x1ca
                0x0000000000000122                __DMACTL0 = 0x122
                0x0000000000000124                __DMACTL1 = 0x124
                0x00000000000001e0                __DMA0CTL = 0x1e0
                0x00000000000001e8                __DMA1CTL = 0x1e8
                0x00000000000001f0                __DMA2CTL = 0x1f0
                0x00000000000001e2                __DMA0SA = 0x1e2
                0x00000000000001e4                __DMA0DA = 0x1e4
                0x00000000000001e6                __DMA0SZ = 0x1e6
                0x00000000000001ea                __DMA1SA = 0x1ea
                0x00000000000001ec                __DMA1DA = 0x1ec
                0x00000000000001ee                __DMA1SZ = 0x1ee
                0x00000000000001f2                __DMA2SA = 0x1f2
                0x00000000000001f4                __DMA2DA = 0x1f4
                0x00000000000001f6                __DMA2SZ = 0x1f6

.hash
 *(.hash)

.dynsym
 *(.dynsym)

.dynstr
 *(.dynstr)

.gnu.version
 *(.gnu.version)

.gnu.version_d
 *(.gnu.version_d)

.gnu.version_r
 *(.gnu.version_r)

.rel.init
 *(.rel.init)

.rela.init
 *(.rela.init)

.rel.fini
 *(.rel.fini)

.rela.fini
 *(.rela.fini)

.rel.text
 *(.rel.text .rel.text.* .rel.gnu.linkonce.t.*)

.rela.text
 *(.rela.text .rela.text.* .rela.gnu.linkonce.t.*)

.rel.rodata
 *(.rel.rodata .rel.rodata.* .rel.gnu.linkonce.r.*)

.rela.rodata
 *(.rela.rodata .rela.rodata.* .rela.gnu.linkonce.r.*)

.rel.data
 *(.rel.data .rel.data.* .rel.gnu.linkonce.d.*)

.rela.data
 *(.rela.data .rela.data.* .rela.gnu.linkonce.d.*)

.rel.bss
 *(.rel.bss .rel.bss.* .rel.gnu.linkonce.b.*)

.rela.bss
 *(.rela.bss .rela.bss.* .rela.gnu.linkonce.b.*)

.rel.ctors
 *(.rel.ctors)

.rela.ctors
 *(.rela.ctors)

.rel.dtors
 *(.rel.dtors)

.rela.dtors
 *(.rela.dtors)

.rel.got
 *(.rel.got)

.rela.got
 *(.rela.got)

.rel.plt
 *(.rel.plt)

.rela.plt
 *(.rela.plt)

.text           0x0000000000004000     0xbd0e
                0x0000000000004000                . = ALIGN (0x2)
 *(.init .init.*)
 *(.init0)
 .init0         0x0000000000004000        0x0 /usr/lib/gcc/msp430/4.6.3/mmpy-16/libcrt0.a(_reset_vector__.o)
                0x0000000000004000                _reset_vector__
 *(.init1)
 .init1         0x0000000000004000        0xc /usr/lib/gcc/msp430/4.6.3/mmpy-16/libcrt0.a(__watchdog_support.o)
                0x0000000000004000                __watchdog_support
 *(.init2)
 .init2         0x000000000000400c        0x4 /usr/lib/gcc/msp430/4.6.3/mmpy-16/libcrt0.a(__init_stack.o)
                0x000000000000400c                __init_stack
 *(.init3)
 .init3         0x0000000000004010        0x0 /usr/lib/gcc/msp430/4.6.3/mmpy-16/libcrt0.a(__low_level_init.o)
                0x0000000000004010                __low_level_init
 *(.init4)
 .init4         0x0000000000004010       0x18 /usr/lib/gcc/msp430/4.6.3/mmpy-16/libcrt0.a(_copy_data.o)
                0x0000000000004010                __do_copy_data
 .init4         0x0000000000004028       0x16 /usr/lib/gcc/msp430/4.6.3/mmpy-16/libcrt0.a(_clear_bss.o)
                0x0000000000004028                __do_clear_bss
 *(.init5)
 *(.init6)
 *(.init7)
 *(.init8)
 *(.init9)
 .init9         0x000000000000403e      0x340 obj_sky/contiki-sky-main.o
                0x000000000000403e                main
 *(.fini9)
 .fini9         0x000000000000437e        0x0 /usr/lib/gcc/msp430/4.6.3/mmpy-16/libcrt0.a(__stop_progExec__.o)
                0x000000000000437e                __stop_progExec__
 *(.fini8)
 *(.fini7)
 *(.fini6)
 *(.fini5)
 *(.fini4)
 *(.fini3)
 *(.fini2)
 *(.fini1)
 *(.fini0)
 .fini0         0x000000000000437e        0x6 /usr/lib/gcc/msp430/4.6.3/mmpy-16/libcrt0.a(_endless_loop__.o)
                0x000000000000437e                _endless_loop__
 *(.fini .fini.*)
                0x0000000000004384                . = ALIGN (0x2)
                0x0000000000004384                __ctors_start = .
 *(.ctors)
                0x0000000000004384                __ctors_end = .
                0x0000000000004384                __dtors_start = .
 *(.dtors)
                0x0000000000004384                __dtors_end = .
                0x0000000000004384                . = ALIGN (0x2)
 *(.text .text.* .gnu.linkonce.t.*)
 .text          0x0000000000004384        0x4 /usr/lib/gcc/msp430/4.6.3/mmpy-16/crt0ivtbl16.o
                0x0000000000004384                __isr_14
                0x0000000000004384                __isr_11
                0x0000000000004384                __isr_2
                0x0000000000004384                __isr_7
                0x0000000000004384                __isr_0
                0x0000000000004384                __isr_8
                0x0000000000004384                __isr_3
                0x0000000000004384                __isr_12
                0x0000000000004384                __isr_13
                0x0000000000004384                __isr_9
 .text.receiver
                0x0000000000004388       0x38 unicast-receiver.co
 .text.process_thread_unicast_receiver_process
                0x00000000000043c0      0x136 unicast-receiver.co
 .text.purge_registrations
                0x00000000000044f6       0x7e contiki-sky.a(servreg-hack.o)
 .text.servreg_hack_init
                0x0000000000004574       0x2e contiki-sky.a(servreg-hack.o)
                0x0000000000004574                servreg_hack_init
 .text.servreg_hack_register
                0x00000000000045a2       0x9a contiki-sky.a(servreg-hack.o)
                0x00000000000045a2                servreg_hack_register
 .text.servreg_hack_list_head
                0x000000000000463c        0xe contiki-sky.a(servreg-hack.o)
                0x000000000000463c                servreg_hack_list_head
 .text.process_thread_servreg_hack_process
                0x000000000000464a      0x230 contiki-sky.a(servreg-hack.o)
 .text.init_platform
                0x000000000000487a        0xc contiki-sky.a(contiki-sky-pla)
                0x000000000000487a                init_platform
 .text.status   0x0000000000004886       0x16 contiki-sky.a(button-sensor.o)
 .text.configure
                0x000000000000489c       0x52 contiki-sky.a(button-sensor.o)
 .text.value    0x00000000000048ee       0x22 contiki-sky.a(button-sensor.o)
 .text.irq_p2   0x0000000000004910       0x8a contiki-sky.a(button-sensor.o)
                0x0000000000004910                irq_p2
                0x0000000000004910                __isr_1
 .text.owreadb  0x000000000000499a       0x52 contiki-sky.a(ds2411.o)
 .text.ds2411_init
                0x00000000000049ec      0x122 contiki-sky.a(ds2411.o)
                0x00000000000049ec                ds2411_init
 .text.wait_ready
                0x0000000000004b0e       0x50 contiki-sky.a(xmem.o)
 .text.xmem_init
                0x0000000000004b5e       0x3e contiki-sky.a(xmem.o)
                0x0000000000004b5e                xmem_init
 .text.xmem_pread
                0x0000000000004b9c       0xea contiki-sky.a(xmem.o)
                0x0000000000004b9c                xmem_pread
 .text.node_id_restore
                0x0000000000004c86       0x38 contiki-sky.a(node-id.o)
                0x0000000000004c86                node_id_restore
 .text.process_thread_sensors_process
                0x0000000000004cbe       0xbe contiki-sky.a(sensors.o)
 .text.sensors_changed
                0x0000000000004d7c       0x2a contiki-sky.a(sensors.o)
                0x0000000000004d7c                sensors_changed
 .text.get_object
                0x0000000000004da6        0x4 contiki-sky.a(cc2420.o)
 .text.set_object
                0x0000000000004daa        0x4 contiki-sky.a(cc2420.o)
 .text.strobe   0x0000000000004dae       0x20 contiki-sky.a(cc2420.o)
 .text.getreg   0x0000000000004dce       0x54 contiki-sky.a(cc2420.o)
 .text.setreg   0x0000000000004e22       0x52 contiki-sky.a(cc2420.o)
 .text.write_ram
                0x0000000000004e74       0x80 contiki-sky.a(cc2420.o)
 .text.write_fifo_buf
                0x0000000000004ef4       0x40 contiki-sky.a(cc2420.o)
 .text.get_status
                0x0000000000004f34       0x24 contiki-sky.a(cc2420.o)
 .text.set_txpower
                0x0000000000004f58       0x26 contiki-sky.a(cc2420.o)
 .text.cc2420_receiving_packet
                0x0000000000004f7e        0xe contiki-sky.a(cc2420.o)
 .text.pending_packet
                0x0000000000004f8c        0x8 contiki-sky.a(cc2420.o)
 .text.on       0x0000000000004f94       0x26 contiki-sky.a(cc2420.o)
 .text.wait_for_transmission
                0x0000000000004fba       0x22 contiki-sky.a(cc2420.o)
 .text.wait_for_status
                0x0000000000004fdc       0x2a contiki-sky.a(cc2420.o)
 .text.getrxdata
                0x0000000000005006       0x56 contiki-sky.a(cc2420.o)
 .text.flushrx  0x000000000000505c       0x1a contiki-sky.a(cc2420.o)
 .text.off      0x0000000000005076       0x62 contiki-sky.a(cc2420.o)
 .text.RELEASE_LOCK
                0x00000000000050d8       0x28 contiki-sky.a(cc2420.o)
 .text.set_key  0x0000000000005100       0x18 contiki-sky.a(cc2420.o)
 .text.set_frame_filtering
                0x0000000000005118       0x30 contiki-sky.a(cc2420.o)
 .text.set_auto_ack
                0x0000000000005148       0x30 contiki-sky.a(cc2420.o)
 .text.set_poll_mode
                0x0000000000005178       0x36 contiki-sky.a(cc2420.o)
 .text.cc2420_prepare
                0x00000000000051ae       0x3c contiki-sky.a(cc2420.o)
 .text.cc2420_on
                0x00000000000051ea       0x22 contiki-sky.a(cc2420.o)
                0x00000000000051ea                cc2420_on
 .text.cc2420_off
                0x000000000000520c       0x30 contiki-sky.a(cc2420.o)
                0x000000000000520c                cc2420_off
 .text.cc2420_cca
                0x000000000000523c       0x5e contiki-sky.a(cc2420.o)
 .text.cc2420_read
                0x000000000000529a       0xc0 contiki-sky.a(cc2420.o)
 .text.process_thread_cc2420_process
                0x000000000000535a       0x58 contiki-sky.a(cc2420.o)
 .text.encrypt  0x00000000000053b2       0x8e contiki-sky.a(cc2420.o)
 .text.cc2420_set_channel
                0x0000000000005440       0x3c contiki-sky.a(cc2420.o)
                0x0000000000005440                cc2420_set_channel
 .text.cc2420_set_pan_addr
                0x000000000000547c       0x4c contiki-sky.a(cc2420.o)
                0x000000000000547c                cc2420_set_pan_addr
 .text.cc2420_interrupt
                0x00000000000054c8       0x18 contiki-sky.a(cc2420.o)
                0x00000000000054c8                cc2420_interrupt
 .text.cc2420_set_txpower
                0x00000000000054e0        0xe contiki-sky.a(cc2420.o)
                0x00000000000054e0                cc2420_set_txpower
 .text.cc2420_get_txpower
                0x00000000000054ee       0x1e contiki-sky.a(cc2420.o)
                0x00000000000054ee                cc2420_get_txpower
 .text.cc2420_transmit
                0x000000000000550c      0x114 contiki-sky.a(cc2420.o)
 .text.cc2420_send
                0x0000000000005620       0x12 contiki-sky.a(cc2420.o)
 .text.cc2420_rssi
                0x0000000000005632       0x4c contiki-sky.a(cc2420.o)
                0x0000000000005632                cc2420_rssi
 .text.get_value
                0x000000000000567e      0x108 contiki-sky.a(cc2420.o)
 .text.cc2420_set_cca_threshold
                0x0000000000005786       0x16 contiki-sky.a(cc2420.o)
                0x0000000000005786                cc2420_set_cca_threshold
 .text.set_value
                0x000000000000579c       0xba contiki-sky.a(cc2420.o)
 .text.cc2420_init
                0x0000000000005856       0xf0 contiki-sky.a(cc2420.o)
                0x0000000000005856                cc2420_init
 .text.cc2420_port1_interrupt
                0x0000000000005946       0x62 contiki-sky.a(cc2420-arch.o)
                0x0000000000005946                __isr_4
                0x0000000000005946                cc2420_port1_interrupt
 .text.cc2420_arch_init
                0x00000000000059a8       0x1a contiki-sky.a(cc2420-arch.o)
                0x00000000000059a8                cc2420_arch_init
 .text.uart1_active
                0x00000000000059c2       0x1a contiki-sky.a(uart1.o)
                0x00000000000059c2                uart1_active
 .text.uart1_writeb
                0x00000000000059dc       0x1a contiki-sky.a(uart1.o)
                0x00000000000059dc                uart1_writeb
 .text.uart1_init
                0x00000000000059f6       0xf6 contiki-sky.a(uart1.o)
                0x00000000000059f6                uart1_init
 .text.putchar  0x0000000000005aec       0x10 contiki-sky.a(uart1-putchar.o)
                0x0000000000005aec                putchar
 .text.msp430_init_dco
                0x0000000000005afc       0x84 contiki-sky.a(msp430.o)
                0x0000000000005afc                msp430_init_dco
 .text.msp430_add_lpm_req
                0x0000000000005b80        0xc contiki-sky.a(msp430.o)
                0x0000000000005b80                msp430_add_lpm_req
 .text.msp430_cpu_init
                0x0000000000005b8c       0x2a contiki-sky.a(msp430.o)
                0x0000000000005b8c                msp430_cpu_init
 .text.splhigh_
                0x0000000000005bb6        0x8 contiki-sky.a(msp430.o)
                0x0000000000005bb6                splhigh_
 .text.msp430_sync_dco
                0x0000000000005bbe       0x68 contiki-sky.a(msp430.o)
                0x0000000000005bbe                msp430_sync_dco
 .text.timera1  0x0000000000005c26      0x11e contiki-sky.a(clock.o)
                0x0000000000005c26                __isr_5
                0x0000000000005c26                timera1
 .text.clock_time
                0x0000000000005d44       0x1a contiki-sky.a(clock.o)
                0x0000000000005d44                clock_time
 .text.clock_init
                0x0000000000005d5e       0x28 contiki-sky.a(clock.o)
                0x0000000000005d5e                clock_init
 .text.clock_delay
                0x0000000000005d86        0xc contiki-sky.a(clock.o)
                0x0000000000005d86                clock_delay
 .text.clock_seconds
                0x0000000000005d92       0x1a contiki-sky.a(clock.o)
                0x0000000000005d92                clock_seconds
 .text.show_leds
                0x0000000000005dac       0xf6 contiki-sky.a(leds.o)
 .text.leds_init
                0x0000000000005ea2        0xa contiki-sky.a(leds.o)
                0x0000000000005ea2                leds_init
 .text.leds_on  0x0000000000005eac        0xa contiki-sky.a(leds.o)
                0x0000000000005eac                leds_on
 .text.leds_off
                0x0000000000005eb6        0xe contiki-sky.a(leds.o)
                0x0000000000005eb6                leds_off
 .text.leds_arch_init
                0x0000000000005ec4        0xe contiki-sky.a(leds-arch.o)
                0x0000000000005ec4                leds_arch_init
 .text.leds_arch_set
                0x0000000000005ed2       0x3a contiki-sky.a(leds-arch.o)
                0x0000000000005ed2                leds_arch_set
 .text.watchdog_interrupt
                0x0000000000005f0c        0x6 contiki-sky.a(watchdog.o)
                0x0000000000005f0c                __isr_10
                0x0000000000005f0c                watchdog_interrupt
 .text.watchdog_start
                0x0000000000005f12       0x14 contiki-sky.a(watchdog.o)
                0x0000000000005f12                watchdog_start
 .text.watchdog_periodic
                0x0000000000005f26       0x12 contiki-sky.a(watchdog.o)
                0x0000000000005f26                watchdog_periodic
 .text.watchdog_stop
                0x0000000000005f38       0x16 contiki-sky.a(watchdog.o)
                0x0000000000005f38                watchdog_stop
 .text.watchdog_init
                0x0000000000005f4e       0x14 contiki-sky.a(watchdog.o)
                0x0000000000005f4e                watchdog_init
 .text.rtimer_arch_init
                0x0000000000005f62        0xe contiki-sky.a(rtimer-arch.o)
                0x0000000000005f62                rtimer_arch_init
 .text.rtimer_arch_now
                0x0000000000005f70        0xe contiki-sky.a(rtimer-arch.o)
                0x0000000000005f70                rtimer_arch_now
 .text.timera0  0x0000000000005f7e       0x70 contiki-sky.a(rtimer-arch.o)
                0x0000000000005f7e                __isr_6
                0x0000000000005f7e                timera0
 .text.rtimer_arch_schedule
                0x0000000000005fee        0x6 contiki-sky.a(rtimer-arch.o)
                0x0000000000005fee                rtimer_arch_schedule
 .text.process_thread_ctimer_process
                0x0000000000005ff4       0xa4 contiki-sky.a(ctimer.o)
 .text.ctimer_init
                0x0000000000006098       0x18 contiki-sky.a(ctimer.o)
                0x0000000000006098                ctimer_init
 .text.ctimer_set_with_process
                0x00000000000060b0       0x4e contiki-sky.a(ctimer.o)
                0x00000000000060b0                ctimer_set_with_process
 .text.ctimer_set
                0x00000000000060fe       0x10 contiki-sky.a(ctimer.o)
                0x00000000000060fe                ctimer_set
 .text.ctimer_reset
                0x000000000000610e       0x30 contiki-sky.a(ctimer.o)
                0x000000000000610e                ctimer_reset
 .text.ctimer_restart
                0x000000000000613e       0x30 contiki-sky.a(ctimer.o)
                0x000000000000613e                ctimer_restart
 .text.ctimer_stop
                0x000000000000616e       0x28 contiki-sky.a(ctimer.o)
                0x000000000000616e                ctimer_stop
 .text.autostart_start
                0x0000000000006196       0x16 contiki-sky.a(autostart.o)
                0x0000000000006196                autostart_start
 .text.energest_init
                0x00000000000061ac       0x28 contiki-sky.a(energest.o)
                0x00000000000061ac                energest_init
 .text.energest_type_time
                0x00000000000061d4       0x46 contiki-sky.a(energest.o)
                0x00000000000061d4                energest_type_time
 .text.energest_type_set
                0x000000000000621a        0xe contiki-sky.a(energest.o)
                0x000000000000621a                energest_type_set
 .text.energest_flush
                0x0000000000006228       0x48 contiki-sky.a(energest.o)
                0x0000000000006228                energest_flush
 .text.update_time
                0x0000000000006270       0x78 contiki-sky.a(etimer.o)
 .text.etimer_request_poll
                0x00000000000062e8        0xa contiki-sky.a(etimer.o)
                0x00000000000062e8                etimer_request_poll
 .text.process_thread_etimer_process
                0x00000000000062f2       0xc8 contiki-sky.a(etimer.o)
 .text.add_timer
                0x00000000000063ba       0x40 contiki-sky.a(etimer.o)
 .text.etimer_set
                0x00000000000063fa       0x12 contiki-sky.a(etimer.o)
                0x00000000000063fa                etimer_set
 .text.etimer_reset
                0x000000000000640c       0x12 contiki-sky.a(etimer.o)
                0x000000000000640c                etimer_reset
 .text.etimer_restart
                0x000000000000641e       0x12 contiki-sky.a(etimer.o)
                0x000000000000641e                etimer_restart
 .text.etimer_expired
                0x0000000000006430        0xe contiki-sky.a(etimer.o)
                0x0000000000006430                etimer_expired
 .text.etimer_expiration_time
                0x000000000000643e       0x14 contiki-sky.a(etimer.o)
                0x000000000000643e                etimer_expiration_time
 .text.etimer_pending
                0x0000000000006452        0xc contiki-sky.a(etimer.o)
                0x0000000000006452                etimer_pending
 .text.etimer_next_expiration_time
                0x000000000000645e       0x16 contiki-sky.a(etimer.o)
                0x000000000000645e                etimer_next_expiration_time
 .text.etimer_stop
                0x0000000000006474       0x3c contiki-sky.a(etimer.o)
                0x0000000000006474                etimer_stop
 .text.call_process
                0x00000000000064b0       0x4a contiki-sky.a(process.o)
 .text.exit_process
                0x00000000000064fa       0x96 contiki-sky.a(process.o)
 .text.do_poll  0x0000000000006590       0x30 contiki-sky.a(process.o)
 .text.process_alloc_event
                0x00000000000065c0        0xe contiki-sky.a(process.o)
                0x00000000000065c0                process_alloc_event
 .text.process_init
                0x00000000000065ce       0x1c contiki-sky.a(process.o)
                0x00000000000065ce                process_init
 .text.process_run
                0x00000000000065ea       0x92 contiki-sky.a(process.o)
                0x00000000000065ea                process_run
 .text.process_nevents
                0x000000000000667c        0xe contiki-sky.a(process.o)
                0x000000000000667c                process_nevents
 .text.process_post
                0x000000000000668a       0x4e contiki-sky.a(process.o)
                0x000000000000668a                process_post
 .text.process_post_synch
                0x00000000000066d8       0x12 contiki-sky.a(process.o)
                0x00000000000066d8                process_post_synch
 .text.process_start
                0x00000000000066ea       0x32 contiki-sky.a(process.o)
                0x00000000000066ea                process_start
 .text.process_poll
                0x000000000000671c       0x18 contiki-sky.a(process.o)
                0x000000000000671c                process_poll
 .text.rtimer_init
                0x0000000000006734        0x6 contiki-sky.a(rtimer.o)
                0x0000000000006734                rtimer_init
 .text.rtimer_set
                0x000000000000673a       0x24 contiki-sky.a(rtimer.o)
                0x000000000000673a                rtimer_set
 .text.rtimer_run_next
                0x000000000000675e       0x26 contiki-sky.a(rtimer.o)
                0x000000000000675e                rtimer_run_next
 .text.timer_set
                0x0000000000006784       0x1c contiki-sky.a(timer.o)
                0x0000000000006784                timer_set
 .text.timer_reset
                0x00000000000067a0        0xe contiki-sky.a(timer.o)
                0x00000000000067a0                timer_reset
 .text.timer_restart
                0x00000000000067ae       0x14 contiki-sky.a(timer.o)
                0x00000000000067ae                timer_restart
 .text.timer_expired
                0x00000000000067c2       0x2a contiki-sky.a(timer.o)
                0x00000000000067c2                timer_expired
 .text.list_init
                0x00000000000067ec        0x6 contiki-sky.a(list.o)
                0x00000000000067ec                list_init
 .text.list_head
                0x00000000000067f2        0x4 contiki-sky.a(list.o)
                0x00000000000067f2                list_head
 .text.list_tail
                0x00000000000067f6       0x12 contiki-sky.a(list.o)
                0x00000000000067f6                list_tail
 .text.list_remove
                0x0000000000006808       0x34 contiki-sky.a(list.o)
                0x0000000000006808                list_remove
 .text.list_push
                0x000000000000683c       0x1a contiki-sky.a(list.o)
                0x000000000000683c                list_push
 .text.list_add
                0x0000000000006856       0x2a contiki-sky.a(list.o)
                0x0000000000006856                list_add
 .text.list_length
                0x0000000000006880       0x10 contiki-sky.a(list.o)
                0x0000000000006880                list_length
 .text.list_item_next
                0x0000000000006890        0xc contiki-sky.a(list.o)
                0x0000000000006890                list_item_next
 .text.memb_init
                0x000000000000689c       0x36 contiki-sky.a(memb.o)
                0x000000000000689c                memb_init
 .text.memb_alloc
                0x00000000000068d2       0x3e contiki-sky.a(memb.o)
                0x00000000000068d2                memb_alloc
 .text.memb_free
                0x0000000000006910       0x3a contiki-sky.a(memb.o)
                0x0000000000006910                memb_free
 .text.memb_inmemb
                0x000000000000694a       0x2e contiki-sky.a(memb.o)
                0x000000000000694a                memb_inmemb
 .text.memb_numfree
                0x0000000000006978       0x26 contiki-sky.a(memb.o)
                0x0000000000006978                memb_numfree
 .text.random_init
                0x000000000000699e        0x6 contiki-sky.a(random.o)
                0x000000000000699e                random_init
 .text.random_rand
                0x00000000000069a4        0x6 contiki-sky.a(random.o)
                0x00000000000069a4                random_rand
 .text.uip_ds6_list_loop
                0x00000000000069aa       0x86 contiki-sky.a(uip-ds6.o)
                0x00000000000069aa                uip_ds6_list_loop
 .text.uip_ds6_prefix_add
                0x0000000000006a30       0x80 contiki-sky.a(uip-ds6.o)
                0x0000000000006a30                uip_ds6_prefix_add
 .text.uip_ds6_is_addr_onlink
                0x0000000000006ab0       0x54 contiki-sky.a(uip-ds6.o)
                0x0000000000006ab0                uip_ds6_is_addr_onlink
 .text.uip_ds6_addr_lookup
                0x0000000000006b04       0x2a contiki-sky.a(uip-ds6.o)
                0x0000000000006b04                uip_ds6_addr_lookup
 .text.uip_ds6_get_link_local
                0x0000000000006b2e       0x3e contiki-sky.a(uip-ds6.o)
                0x0000000000006b2e                uip_ds6_get_link_local
 .text.uip_ds6_maddr_add
                0x0000000000006b6c       0x4c contiki-sky.a(uip-ds6.o)
                0x0000000000006b6c                uip_ds6_maddr_add
 .text.uip_ds6_addr_add
                0x0000000000006bb8       0xc4 contiki-sky.a(uip-ds6.o)
                0x0000000000006bb8                uip_ds6_addr_add
 .text.uip_ds6_maddr_lookup
                0x0000000000006c7c       0x2a contiki-sky.a(uip-ds6.o)
                0x0000000000006c7c                uip_ds6_maddr_lookup
 .text.uip_ds6_addr_rm
                0x0000000000006ca6       0x54 contiki-sky.a(uip-ds6.o)
                0x0000000000006ca6                uip_ds6_addr_rm
 .text.uip_ds6_periodic
                0x0000000000006cfa       0x46 contiki-sky.a(uip-ds6.o)
                0x0000000000006cfa                uip_ds6_periodic
 .text.uip_ds6_set_addr_iid
                0x0000000000006d40       0x14 contiki-sky.a(uip-ds6.o)
                0x0000000000006d40                uip_ds6_set_addr_iid
 .text.get_match_length
                0x0000000000006d54       0x3e contiki-sky.a(uip-ds6.o)
                0x0000000000006d54                get_match_length
 .text.uip_ds6_select_src
                0x0000000000006d92       0xaa contiki-sky.a(uip-ds6.o)
                0x0000000000006d92                uip_ds6_select_src
 .text.uip_ds6_compute_reachable_time
                0x0000000000006e3c       0x3e contiki-sky.a(uip-ds6.o)
                0x0000000000006e3c                uip_ds6_compute_reachable_time
 .text.uip_ds6_init
                0x0000000000006e7a      0x154 contiki-sky.a(uip-ds6.o)
                0x0000000000006e7a                uip_ds6_init
 .text.call_route_callback
                0x0000000000006fce       0x4c contiki-sky.a(uip-ds6-route.o)
 .text.uip_ds6_route_init
                0x000000000000701a       0x36 contiki-sky.a(uip-ds6-route.o)
                0x000000000000701a                uip_ds6_route_init
 .text.uip_ds6_route_nexthop
                0x0000000000007050       0x1a contiki-sky.a(uip-ds6-route.o)
                0x0000000000007050                uip_ds6_route_nexthop
 .text.uip_ds6_route_head
                0x000000000000706a        0xa contiki-sky.a(uip-ds6-route.o)
                0x000000000000706a                uip_ds6_route_head
 .text.uip_ds6_route_next
                0x0000000000007074        0xe contiki-sky.a(uip-ds6-route.o)
                0x0000000000007074                uip_ds6_route_next
 .text.uip_ds6_route_is_nexthop
                0x0000000000007082       0x1e contiki-sky.a(uip-ds6-route.o)
                0x0000000000007082                uip_ds6_route_is_nexthop
 .text.uip_ds6_route_lookup
                0x00000000000070a0       0x8c contiki-sky.a(uip-ds6-route.o)
                0x00000000000070a0                uip_ds6_route_lookup
 .text.uip_ds6_route_rm
                0x000000000000712c       0xa4 contiki-sky.a(uip-ds6-route.o)
                0x000000000000712c                uip_ds6_route_rm
 .text.rm_routelist
                0x00000000000071d0       0x34 contiki-sky.a(uip-ds6-route.o)
 .text.rm_routelist_callback
                0x0000000000007204        0x6 contiki-sky.a(uip-ds6-route.o)
 .text.uip_ds6_route_add
                0x000000000000720a      0x110 contiki-sky.a(uip-ds6-route.o)
                0x000000000000720a                uip_ds6_route_add
 .text.uip_ds6_defrt_rm
                0x000000000000731a       0x48 contiki-sky.a(uip-ds6-route.o)
                0x000000000000731a                uip_ds6_defrt_rm
 .text.uip_ds6_defrt_lookup
                0x0000000000007362       0x36 contiki-sky.a(uip-ds6-route.o)
                0x0000000000007362                uip_ds6_defrt_lookup
 .text.uip_ds6_defrt_add
                0x0000000000007398       0x74 contiki-sky.a(uip-ds6-route.o)
                0x0000000000007398                uip_ds6_defrt_add
 .text.uip_ds6_defrt_choose
                0x000000000000740c       0x3a contiki-sky.a(uip-ds6-route.o)
                0x000000000000740c                uip_ds6_defrt_choose
 .text.uip_ds6_defrt_periodic
                0x0000000000007446       0x38 contiki-sky.a(uip-ds6-route.o)
                0x0000000000007446                uip_ds6_defrt_periodic
 .text.chksum   0x000000000000747e       0x32 contiki-sky.a(uip6.o)
 .text.upper_layer_chksum
                0x00000000000074b0       0x56 contiki-sky.a(uip6.o)
 .text.ext_hdr_options_process
                0x0000000000007506       0xda contiki-sky.a(uip6.o)
 .text.uip_add32
                0x00000000000075e0       0x68 contiki-sky.a(uip6.o)
                0x00000000000075e0                uip_add32
 .text.unlikely.uip_add_rcv_nxt
                0x0000000000007648       0x2e contiki-sky.a(uip6.o)
 .text.uip_icmp6chksum
                0x0000000000007676        0xa contiki-sky.a(uip6.o)
                0x0000000000007676                uip_icmp6chksum
 .text.uip_tcpchksum
                0x0000000000007680        0xa contiki-sky.a(uip6.o)
                0x0000000000007680                uip_tcpchksum
 .text.uip_udpchksum
                0x000000000000768a        0xa contiki-sky.a(uip6.o)
                0x000000000000768a                uip_udpchksum
 .text.uip_init
                0x0000000000007694       0x56 contiki-sky.a(uip6.o)
                0x0000000000007694                uip_init
 .text.remove_ext_hdr
                0x00000000000076ea       0x56 contiki-sky.a(uip6.o)
                0x00000000000076ea                remove_ext_hdr
 .text.uip_udp_new
                0x0000000000007740       0xac contiki-sky.a(uip6.o)
                0x0000000000007740                uip_udp_new
 .text.uip_unlisten
                0x00000000000077ec       0x1e contiki-sky.a(uip6.o)
                0x00000000000077ec                uip_unlisten
 .text.uip_process
                0x000000000000780a      0xe18 contiki-sky.a(uip6.o)
                0x000000000000780a                uip_process
 .text.uip_htonl
                0x0000000000008622       0x2e contiki-sky.a(uip6.o)
                0x0000000000008622                uip_htonl
 .text.uip_ds6_nbr_rm
                0x0000000000008650       0x1e contiki-sky.a(uip-ds6-nbr.o)
                0x0000000000008650                uip_ds6_nbr_rm
 .text.uip_ds6_neighbors_init
                0x000000000000866e       0x12 contiki-sky.a(uip-ds6-nbr.o)
                0x000000000000866e                uip_ds6_neighbors_init
 .text.uip_ds6_nbr_add
                0x0000000000008680       0x3e contiki-sky.a(uip-ds6-nbr.o)
                0x0000000000008680                uip_ds6_nbr_add
 .text.uip_ds6_nbr_get_ll
                0x00000000000086be        0xc contiki-sky.a(uip-ds6-nbr.o)
                0x00000000000086be                uip_ds6_nbr_get_ll
 .text.uip_ds6_nbr_lookup
                0x00000000000086ca       0x42 contiki-sky.a(uip-ds6-nbr.o)
                0x00000000000086ca                uip_ds6_nbr_lookup
 .text.uip_ds6_nbr_ll_lookup
                0x000000000000870c        0xc contiki-sky.a(uip-ds6-nbr.o)
                0x000000000000870c                uip_ds6_nbr_ll_lookup
 .text.uip_ds6_nbr_ipaddr_from_lladdr
                0x0000000000008718        0x6 contiki-sky.a(uip-ds6-nbr.o)
                0x0000000000008718                uip_ds6_nbr_ipaddr_from_lladdr
 .text.uip_ds6_nbr_lladdr_from_ipaddr
                0x000000000000871e       0x12 contiki-sky.a(uip-ds6-nbr.o)
                0x000000000000871e                uip_ds6_nbr_lladdr_from_ipaddr
 .text.uip_ds6_link_neighbor_callback
                0x0000000000008730       0x36 contiki-sky.a(uip-ds6-nbr.o)
                0x0000000000008730                uip_ds6_link_neighbor_callback
 .text.ns_input
                0x0000000000008766      0x266 contiki-sky.a(uip-nd6.o)
 .text.uip_nd6_init
                0x00000000000089cc        0xa contiki-sky.a(uip-nd6.o)
                0x00000000000089cc                uip_nd6_init
 .text.clear_fragments
                0x00000000000089d6       0x42 contiki-sky.a(sicslowpan.o)
 .text.set_packet_attrs
                0x0000000000008a18       0x44 contiki-sky.a(sicslowpan.o)
 .text.addr_context_lookup_by_number
                0x0000000000008a5c       0x36 contiki-sky.a(sicslowpan.o)
 .text.compress_addr_64
                0x0000000000008a92       0xae contiki-sky.a(sicslowpan.o)
 .text.store_fragment
                0x0000000000008b40       0xc8 contiki-sky.a(sicslowpan.o)
 .text.add_fragment
                0x0000000000008c08      0x1ee contiki-sky.a(sicslowpan.o)
 .text.uncompress_addr
                0x0000000000008df6       0xb4 contiki-sky.a(sicslowpan.o)
 .text.input    0x0000000000008eaa      0x6f0 contiki-sky.a(sicslowpan.o)
 .text.sicslowpan_init
                0x000000000000959a       0x24 contiki-sky.a(sicslowpan.o)
                0x000000000000959a                sicslowpan_init
 .text.addr_context_lookup_by_prefix
                0x00000000000095be       0x4c contiki-sky.a(sicslowpan.o)
 .text.send_packet
                0x000000000000960a       0x1a contiki-sky.a(sicslowpan.o)
 .text.output   0x0000000000009624      0x6d0 contiki-sky.a(sicslowpan.o)
 .text.packet_sent
                0x0000000000009cf4       0x22 contiki-sky.a(sicslowpan.o)
 .text.uip_debug_ipaddr_print
                0x0000000000009d16       0xc6 contiki-sky.a(uip-debug.o)
                0x0000000000009d16                uip_debug_ipaddr_print
 .text.uip_udp_packet_send
                0x0000000000009ddc       0x2a contiki-sky.a(uip-udp-packet.)
                0x0000000000009ddc                uip_udp_packet_send
 .text.start_periodic_tcp_timer
                0x0000000000009e06       0x16 contiki-sky.a(tcpip.o)
 .text.tcpip_output
                0x0000000000009e1c       0x10 contiki-sky.a(tcpip.o)
                0x0000000000009e1c                tcpip_output
 .text.tcpip_set_outputfunc
                0x0000000000009e2c        0x6 contiki-sky.a(tcpip.o)
                0x0000000000009e2c                tcpip_set_outputfunc
 .text.udp_new  0x0000000000009e32       0x1a contiki-sky.a(tcpip.o)
                0x0000000000009e32                udp_new
 .text.udp_broadcast_new
                0x0000000000009e4c       0x46 contiki-sky.a(tcpip.o)
                0x0000000000009e4c                udp_broadcast_new
 .text.tcpip_input
                0x0000000000009e92       0x16 contiki-sky.a(tcpip.o)
                0x0000000000009e92                tcpip_input
 .text.tcpip_ipv6_output
                0x0000000000009ea8       0xc0 contiki-sky.a(tcpip.o)
                0x0000000000009ea8                tcpip_ipv6_output
 .text.process_thread_tcpip_process
                0x0000000000009f68      0x1b6 contiki-sky.a(tcpip.o)
 .text.tcpip_uipcall
                0x000000000000a11e       0x64 contiki-sky.a(tcpip.o)
                0x000000000000a11e                tcpip_uipcall
 .text.process_thread_simple_udp_process
                0x000000000000a182       0xac contiki-sky.a(simple-udp.o)
 .text.simple_udp_register
                0x000000000000a22e       0x9e contiki-sky.a(simple-udp.o)
                0x000000000000a22e                simple_udp_register
 .text.lollipop_greater_than
                0x000000000000a2cc       0x44 contiki-sky.a(rpl-dag.o)
 .text.acceptable_rank
                0x000000000000a310       0x50 contiki-sky.a(rpl-dag.o)
 .text.find_parent_any_dag_any_instance
                0x000000000000a360       0x14 contiki-sky.a(rpl-dag.o)
 .text.rpl_set_preferred_parent
                0x000000000000a374       0x30 contiki-sky.a(rpl-dag.o)
 .text.set_ip_from_prefix
                0x000000000000a3a4       0x38 contiki-sky.a(rpl-dag.o)
 .text.check_prefix
                0x000000000000a3dc       0x80 contiki-sky.a(rpl-dag.o)
 .text.rpl_dag_init
                0x000000000000a45c        0xe contiki-sky.a(rpl-dag.o)
                0x000000000000a45c                rpl_dag_init
 .text.rpl_get_parent
                0x000000000000a46a        0xc contiki-sky.a(rpl-dag.o)
                0x000000000000a46a                rpl_get_parent
 .text.rpl_rank_via_parent
                0x000000000000a476       0x2e contiki-sky.a(rpl-dag.o)
                0x000000000000a476                rpl_rank_via_parent
 .text.rpl_get_parent_lladdr
                0x000000000000a4a4        0xc contiki-sky.a(rpl-dag.o)
                0x000000000000a4a4                rpl_get_parent_lladdr
 .text.rpl_get_parent_ipaddr
                0x000000000000a4b0        0xa contiki-sky.a(rpl-dag.o)
                0x000000000000a4b0                rpl_get_parent_ipaddr
 .text.rpl_get_parent_link_stats
                0x000000000000a4ba        0xa contiki-sky.a(rpl-dag.o)
                0x000000000000a4ba                rpl_get_parent_link_stats
 .text.rpl_parent_is_fresh
                0x000000000000a4c4        0xa contiki-sky.a(rpl-dag.o)
                0x000000000000a4c4                rpl_parent_is_fresh
 .text.best_parent
                0x000000000000a4ce       0x80 contiki-sky.a(rpl-dag.o)
 .text.rpl_parent_is_reachable
                0x000000000000a54e       0x46 contiki-sky.a(rpl-dag.o)
                0x000000000000a54e                rpl_parent_is_reachable
 .text.rpl_set_prefix
                0x000000000000a594       0x8e contiki-sky.a(rpl-dag.o)
                0x000000000000a594                rpl_set_prefix
 .text.rpl_set_default_route
                0x000000000000a622       0x3e contiki-sky.a(rpl-dag.o)
                0x000000000000a622                rpl_set_default_route
 .text.rpl_alloc_instance
                0x000000000000a660       0x34 contiki-sky.a(rpl-dag.o)
                0x000000000000a660                rpl_alloc_instance
 .text.rpl_add_parent
                0x000000000000a694       0x3e contiki-sky.a(rpl-dag.o)
                0x000000000000a694                rpl_add_parent
 .text.rpl_find_parent
                0x000000000000a6d2       0x18 contiki-sky.a(rpl-dag.o)
                0x000000000000a6d2                rpl_find_parent
 .text.rpl_find_parent_any_dag
                0x000000000000a6ea       0x20 contiki-sky.a(rpl-dag.o)
                0x000000000000a6ea                rpl_find_parent_any_dag
 .text.rpl_select_parent
                0x000000000000a70a       0x66 contiki-sky.a(rpl-dag.o)
                0x000000000000a70a                rpl_select_parent
 .text.rpl_select_dag
                0x000000000000a770      0x17e contiki-sky.a(rpl-dag.o)
                0x000000000000a770                rpl_select_dag
 .text.rpl_nullify_parent
                0x000000000000a8ee       0x60 contiki-sky.a(rpl-dag.o)
                0x000000000000a8ee                rpl_nullify_parent
 .text.rpl_remove_parent
                0x000000000000a94e       0x16 contiki-sky.a(rpl-dag.o)
                0x000000000000a94e                rpl_remove_parent
 .text.nbr_callback
                0x000000000000a964        0x6 contiki-sky.a(rpl-dag.o)
 .text.remove_parents.constprop.3
                0x000000000000a96a       0x30 contiki-sky.a(rpl-dag.o)
 .text.rpl_free_dag
                0x000000000000a99a       0x44 contiki-sky.a(rpl-dag.o)
                0x000000000000a99a                rpl_free_dag
 .text.rpl_move_parent
                0x000000000000a9de       0x68 contiki-sky.a(rpl-dag.o)
                0x000000000000a9de                rpl_move_parent
 .text.rpl_get_dag
                0x000000000000aa46       0x86 contiki-sky.a(rpl-dag.o)
                0x000000000000aa46                rpl_get_dag
 .text.rpl_get_any_dag
                0x000000000000aacc       0x18 contiki-sky.a(rpl-dag.o)
                0x000000000000aacc                rpl_get_any_dag
 .text.rpl_get_instance
                0x000000000000aae4       0x1a contiki-sky.a(rpl-dag.o)
                0x000000000000aae4                rpl_get_instance
 .text.rpl_alloc_dag
                0x000000000000aafe       0x60 contiki-sky.a(rpl-dag.o)
                0x000000000000aafe                rpl_alloc_dag
 .text.rpl_repair_root
                0x000000000000ab5e       0x50 contiki-sky.a(rpl-dag.o)
                0x000000000000ab5e                rpl_repair_root
 .text.rpl_find_of
                0x000000000000abae       0x10 contiki-sky.a(rpl-dag.o)
                0x000000000000abae                rpl_find_of
 .text.rpl_set_root
                0x000000000000abbe      0x14e contiki-sky.a(rpl-dag.o)
                0x000000000000abbe                rpl_set_root
 .text.rpl_join_instance
                0x000000000000ad0c      0x158 contiki-sky.a(rpl-dag.o)
                0x000000000000ad0c                rpl_join_instance
 .text.rpl_local_repair
                0x000000000000ae64       0x9a contiki-sky.a(rpl-dag.o)
                0x000000000000ae64                rpl_local_repair
 .text.rpl_process_parent_event
                0x000000000000aefe       0x8e contiki-sky.a(rpl-dag.o)
                0x000000000000aefe                rpl_process_parent_event
 .text.rpl_recalculate_ranks
                0x000000000000af8c       0x46 contiki-sky.a(rpl-dag.o)
                0x000000000000af8c                rpl_recalculate_ranks
 .text.rpl_add_dag
                0x000000000000afd2      0x114 contiki-sky.a(rpl-dag.o)
                0x000000000000afd2                rpl_add_dag
 .text.rpl_process_dio
                0x000000000000b0e6      0x332 contiki-sky.a(rpl-dag.o)
                0x000000000000b0e6                rpl_process_dio
 .text.handle_unicast_dio_timer
                0x000000000000b418       0x1c contiki-sky.a(rpl-timers.o)
 .text.new_dio_interval
                0x000000000000b434       0x92 contiki-sky.a(rpl-timers.o)
 .text.handle_periodic_timer
                0x000000000000b4c6       0x50 contiki-sky.a(rpl-timers.o)
 .text.set_dao_lifetime_timer.part.0
                0x000000000000b516       0x66 contiki-sky.a(rpl-timers.o)
 .text.schedule_dao
                0x000000000000b57c       0x90 contiki-sky.a(rpl-timers.o)
 .text.handle_dio_timer
                0x000000000000b60c       0x88 contiki-sky.a(rpl-timers.o)
 .text.handle_dao_timer
                0x000000000000b694       0x72 contiki-sky.a(rpl-timers.o)
 .text.rpl_reset_periodic_timer
                0x000000000000b706       0x60 contiki-sky.a(rpl-timers.o)
                0x000000000000b706                rpl_reset_periodic_timer
 .text.rpl_reset_dio_timer
                0x000000000000b766       0x18 contiki-sky.a(rpl-timers.o)
                0x000000000000b766                rpl_reset_dio_timer
 .text.rpl_schedule_dao
                0x000000000000b77e        0xc contiki-sky.a(rpl-timers.o)
                0x000000000000b77e                rpl_schedule_dao
 .text.rpl_schedule_unicast_dio_immediately
                0x000000000000b78a       0x16 contiki-sky.a(rpl-timers.o)
                0x000000000000b78a                rpl_schedule_unicast_dio_immediately
 .text.get_probing_delay
                0x000000000000b7a0       0x40 contiki-sky.a(rpl-timers.o)
                0x000000000000b7a0                get_probing_delay
 .text.get_probing_target
                0x000000000000b7e0       0xf6 contiki-sky.a(rpl-timers.o)
                0x000000000000b7e0                get_probing_target
 .text.rpl_schedule_probing
                0x000000000000b8d6       0x26 contiki-sky.a(rpl-timers.o)
                0x000000000000b8d6                rpl_schedule_probing
 .text.handle_probing_timer
                0x000000000000b8fc       0x3c contiki-sky.a(rpl-timers.o)
 .text.update_hbh_header
                0x000000000000b938       0xcc contiki-sky.a(rpl-ext-header.)
 .text.insert_hbh_header
                0x000000000000ba04       0x9c contiki-sky.a(rpl-ext-header.)
 .text.rpl_verify_hbh_header
                0x000000000000baa0      0x104 contiki-sky.a(rpl-ext-header.)
                0x000000000000baa0                rpl_verify_hbh_header
 .text.rpl_remove_header
                0x000000000000bba4       0x7a contiki-sky.a(rpl-ext-header.)
                0x000000000000bba4                rpl_remove_header
 .text.rpl_update_header
                0x000000000000bc1e       0x64 contiki-sky.a(rpl-ext-header.)
                0x000000000000bc1e                rpl_update_header
 .text.rpl_get_mode
                0x000000000000bc82        0x6 contiki-sky.a(rpl.o)
                0x000000000000bc82                rpl_get_mode
 .text.rpl_purge_routes
                0x000000000000bc88       0x94 contiki-sky.a(rpl.o)
                0x000000000000bc88                rpl_purge_routes
 .text.rpl_remove_routes
                0x000000000000bd1c       0x22 contiki-sky.a(rpl.o)
                0x000000000000bd1c                rpl_remove_routes
 .text.rpl_remove_routes_by_nexthop
                0x000000000000bd3e       0x46 contiki-sky.a(rpl.o)
                0x000000000000bd3e                rpl_remove_routes_by_nexthop
 .text.rpl_add_route
                0x000000000000bd84       0x52 contiki-sky.a(rpl.o)
                0x000000000000bd84                rpl_add_route
 .text.rpl_link_neighbor_callback
                0x000000000000bdd6       0x4c contiki-sky.a(rpl.o)
                0x000000000000bdd6                rpl_link_neighbor_callback
 .text.rpl_ipv6_neighbor_callback
                0x000000000000be22       0x1e contiki-sky.a(rpl.o)
                0x000000000000be22                rpl_ipv6_neighbor_callback
 .text.rpl_purge_dags
                0x000000000000be40       0x6e contiki-sky.a(rpl.o)
                0x000000000000be40                rpl_purge_dags
 .text.rpl_init
                0x000000000000beae       0x44 contiki-sky.a(rpl.o)
                0x000000000000beae                rpl_init
 .text.reset    0x000000000000bef2        0x2 contiki-sky.a(rpl-mrhof.o)
 .text.update_metric_container
                0x000000000000bef4        0x6 contiki-sky.a(rpl-mrhof.o)
 .text.parent_link_metric
                0x000000000000befa       0x10 contiki-sky.a(rpl-mrhof.o)
 .text.parent_has_usable_link
                0x000000000000bf0a       0x14 contiki-sky.a(rpl-mrhof.o)
 .text.best_dag
                0x000000000000bf1e       0x34 contiki-sky.a(rpl-mrhof.o)
 .text.parent_path_cost
                0x000000000000bf52       0x44 contiki-sky.a(rpl-mrhof.o)
 .text.parent_is_acceptable
                0x000000000000bf96       0x2a contiki-sky.a(rpl-mrhof.o)
 .text.best_parent
                0x000000000000bfc0       0x88 contiki-sky.a(rpl-mrhof.o)
 .text.rank_via_parent
                0x000000000000c048       0x56 contiki-sky.a(rpl-mrhof.o)
 .text.prepare_for_dao_fwd
                0x000000000000c09e       0x28 contiki-sky.a(rpl-icmp6.o)
 .text.get32    0x000000000000c0c6       0x46 contiki-sky.a(rpl-icmp6.o)
 .text.set32    0x000000000000c10c       0x2a contiki-sky.a(rpl-icmp6.o)
 .text.get16    0x000000000000c136        0xe contiki-sky.a(rpl-icmp6.o)
 .text.set16    0x000000000000c144       0x10 contiki-sky.a(rpl-icmp6.o)
 .text.dao_ack_input
                0x000000000000c154        0xa contiki-sky.a(rpl-icmp6.o)
 .text.dio_input
                0x000000000000c15e      0x2aa contiki-sky.a(rpl-icmp6.o)
 .text.rpl_icmp6_update_nbr_table
                0x000000000000c408       0x30 contiki-sky.a(rpl-icmp6.o)
                0x000000000000c408                rpl_icmp6_update_nbr_table
 .text.dao_input
                0x000000000000c438      0x29a contiki-sky.a(rpl-icmp6.o)
 .text.dis_output
                0x000000000000c6d2       0x50 contiki-sky.a(rpl-icmp6.o)
                0x000000000000c6d2                dis_output
 .text.dio_output
                0x000000000000c722      0x276 contiki-sky.a(rpl-icmp6.o)
                0x000000000000c722                dio_output
 .text.dis_input
                0x000000000000c998       0x3e contiki-sky.a(rpl-icmp6.o)
 .text.dao_output_target
                0x000000000000c9d6      0x114 contiki-sky.a(rpl-icmp6.o)
                0x000000000000c9d6                dao_output_target
 .text.dao_output
                0x000000000000caea       0xb2 contiki-sky.a(rpl-icmp6.o)
                0x000000000000caea                dao_output
 .text.rpl_icmp6_register_handlers
                0x000000000000cb9c       0x22 contiki-sky.a(rpl-icmp6.o)
                0x000000000000cb9c                rpl_icmp6_register_handlers
 .text.input_packet
                0x000000000000cbbe        0x6 contiki-sky.a(csma.o)
 .text.on       0x000000000000cbc4        0x6 contiki-sky.a(csma.o)
 .text.off      0x000000000000cbca        0x6 contiki-sky.a(csma.o)
 .text.channel_check_interval
                0x000000000000cbd0       0x10 contiki-sky.a(csma.o)
 .text.transmit_packet_list
                0x000000000000cbe0       0x24 contiki-sky.a(csma.o)
 .text.schedule_transmission
                0x000000000000cc04       0x96 contiki-sky.a(csma.o)
 .text.send_packet
                0x000000000000cc9a      0x164 contiki-sky.a(csma.o)
 .text.init     0x000000000000cdfe       0x1a contiki-sky.a(csma.o)
 .text.tx_done  0x000000000000ce18       0x9a contiki-sky.a(csma.o)
 .text.packet_sent
                0x000000000000ceb2       0xd2 contiki-sky.a(csma.o)
 .text.mac_call_sent_callback
                0x000000000000cf84       0x14 contiki-sky.a(mac.o)
                0x000000000000cf84                mac_call_sent_callback
 .text.parse    0x000000000000cf98       0xa6 contiki-sky.a(framer-802154.o)
 .text.create_frame.isra.0
                0x000000000000d03e      0x118 contiki-sky.a(framer-802154.o)
 .text.create   0x000000000000d156        0x8 contiki-sky.a(framer-802154.o)
 .text.hdr_length
                0x000000000000d15e        0x8 contiki-sky.a(framer-802154.o)
 .text.queuebuf_init
                0x000000000000d166       0x12 contiki-sky.a(queuebuf.o)
                0x000000000000d166                queuebuf_init
 .text.queuebuf_numfree
                0x000000000000d178        0xa contiki-sky.a(queuebuf.o)
                0x000000000000d178                queuebuf_numfree
 .text.queuebuf_new_from_packetbuf
                0x000000000000d182       0x52 contiki-sky.a(queuebuf.o)
                0x000000000000d182                queuebuf_new_from_packetbuf
 .text.queuebuf_update_attr_from_packetbuf
                0x000000000000d1d4       0x12 contiki-sky.a(queuebuf.o)
                0x000000000000d1d4                queuebuf_update_attr_from_packetbuf
 .text.queuebuf_update_from_packetbuf
                0x000000000000d1e6       0x22 contiki-sky.a(queuebuf.o)
                0x000000000000d1e6                queuebuf_update_from_packetbuf
 .text.queuebuf_free
                0x000000000000d208       0x2a contiki-sky.a(queuebuf.o)
                0x000000000000d208                queuebuf_free
 .text.queuebuf_to_packetbuf
                0x000000000000d232       0x32 contiki-sky.a(queuebuf.o)
                0x000000000000d232                queuebuf_to_packetbuf
 .text.queuebuf_attr
                0x000000000000d264        0xe contiki-sky.a(queuebuf.o)
                0x000000000000d264                queuebuf_attr
 .text.index_from_key
                0x000000000000d272       0x48 contiki-sky.a(nbr-table.o)
 .text.item_from_key
                0x000000000000d2ba       0x34 contiki-sky.a(nbr-table.o)
 .text.nbr_set_bit
                0x000000000000d2ee       0x8e contiki-sky.a(nbr-table.o)
 .text.index_from_lladdr
                0x000000000000d37c       0x42 contiki-sky.a(nbr-table.o)
 .text.nbr_get_bit.constprop.0
                0x000000000000d3be       0x62 contiki-sky.a(nbr-table.o)
 .text.remove_key
                0x000000000000d420       0x60 contiki-sky.a(nbr-table.o)
 .text.nbr_table_register
                0x000000000000d480       0x28 contiki-sky.a(nbr-table.o)
                0x000000000000d480                nbr_table_register
 .text.nbr_table_next
                0x000000000000d4a8       0x90 contiki-sky.a(nbr-table.o)
                0x000000000000d4a8                nbr_table_next
 .text.nbr_table_head
                0x000000000000d538       0x36 contiki-sky.a(nbr-table.o)
                0x000000000000d538                nbr_table_head
 .text.nbr_table_add_lladdr
                0x000000000000d56e      0x136 contiki-sky.a(nbr-table.o)
                0x000000000000d56e                nbr_table_add_lladdr
 .text.nbr_table_get_from_lladdr
                0x000000000000d6a4       0x48 contiki-sky.a(nbr-table.o)
                0x000000000000d6a4                nbr_table_get_from_lladdr
 .text.nbr_table_remove
                0x000000000000d6ec       0x32 contiki-sky.a(nbr-table.o)
                0x000000000000d6ec                nbr_table_remove
 .text.nbr_table_lock
                0x000000000000d71e       0x10 contiki-sky.a(nbr-table.o)
                0x000000000000d71e                nbr_table_lock
 .text.nbr_table_unlock
                0x000000000000d72e       0x10 contiki-sky.a(nbr-table.o)
                0x000000000000d72e                nbr_table_unlock
 .text.nbr_table_get_lladdr
                0x000000000000d73e       0x5a contiki-sky.a(nbr-table.o)
                0x000000000000d73e                nbr_table_get_lladdr
 .text.nbr_table_update_lladdr
                0x000000000000d798       0x68 contiki-sky.a(nbr-table.o)
                0x000000000000d798                nbr_table_update_lladdr
 .text.packetbuf_hdrreduce
                0x000000000000d800       0x1a contiki-sky.a(packetbuf.o)
                0x000000000000d800                packetbuf_hdrreduce
 .text.packetbuf_set_datalen
                0x000000000000d81a        0x6 contiki-sky.a(packetbuf.o)
                0x000000000000d81a                packetbuf_set_datalen
 .text.packetbuf_hdrptr
                0x000000000000d820        0x6 contiki-sky.a(packetbuf.o)
                0x000000000000d820                packetbuf_hdrptr
 .text.packetbuf_datalen
                0x000000000000d826        0x6 contiki-sky.a(packetbuf.o)
                0x000000000000d826                packetbuf_datalen
 .text.packetbuf_hdrlen
                0x000000000000d82c        0xa contiki-sky.a(packetbuf.o)
                0x000000000000d82c                packetbuf_hdrlen
 .text.packetbuf_dataptr
                0x000000000000d836        0xc contiki-sky.a(packetbuf.o)
                0x000000000000d836                packetbuf_dataptr
 .text.packetbuf_copyto
                0x000000000000d842       0x46 contiki-sky.a(packetbuf.o)
                0x000000000000d842                packetbuf_copyto
 .text.packetbuf_totlen
                0x000000000000d888        0xc contiki-sky.a(packetbuf.o)
                0x000000000000d888                packetbuf_totlen
 .text.packetbuf_hdralloc
                0x000000000000d894       0x3a contiki-sky.a(packetbuf.o)
                0x000000000000d894                packetbuf_hdralloc
 .text.packetbuf_attr_clear
                0x000000000000d8ce       0x28 contiki-sky.a(packetbuf.o)
                0x000000000000d8ce                packetbuf_attr_clear
 .text.packetbuf_clear
                0x000000000000d8f6       0x12 contiki-sky.a(packetbuf.o)
                0x000000000000d8f6                packetbuf_clear
 .text.packetbuf_copyfrom
                0x000000000000d908       0x2e contiki-sky.a(packetbuf.o)
                0x000000000000d908                packetbuf_copyfrom
 .text.packetbuf_attr_copyto
                0x000000000000d936       0x22 contiki-sky.a(packetbuf.o)
                0x000000000000d936                packetbuf_attr_copyto
 .text.packetbuf_attr_copyfrom
                0x000000000000d958       0x24 contiki-sky.a(packetbuf.o)
                0x000000000000d958                packetbuf_attr_copyfrom
 .text.packetbuf_holds_broadcast
                0x000000000000d97c        0xe contiki-sky.a(packetbuf.o)
                0x000000000000d97c                packetbuf_holds_broadcast
 .text.linkaddr_copy
                0x000000000000d98a        0x8 contiki-sky.a(linkaddr.o)
                0x000000000000d98a                linkaddr_copy
 .text.linkaddr_cmp
                0x000000000000d992       0x12 contiki-sky.a(linkaddr.o)
                0x000000000000d992                linkaddr_cmp
 .text.linkaddr_set_node_addr
                0x000000000000d9a4        0xc contiki-sky.a(linkaddr.o)
                0x000000000000d9a4                linkaddr_set_node_addr
 .text.periodic
                0x000000000000d9b0       0x28 contiki-sky.a(link-stats.o)
 .text.link_stats_from_lladdr
                0x000000000000d9d8        0xc contiki-sky.a(link-stats.o)
                0x000000000000d9d8                link_stats_from_lladdr
 .text.link_stats_is_fresh
                0x000000000000d9e4       0x30 contiki-sky.a(link-stats.o)
                0x000000000000d9e4                link_stats_is_fresh
 .text.link_stats_packet_sent
                0x000000000000da14       0xda contiki-sky.a(link-stats.o)
                0x000000000000da14                link_stats_packet_sent
 .text.link_stats_input_callback
                0x000000000000daee       0xbc contiki-sky.a(link-stats.o)
                0x000000000000daee                link_stats_input_callback
 .text.link_stats_init
                0x000000000000dbaa       0x22 contiki-sky.a(link-stats.o)
                0x000000000000dbaa                link_stats_init
 .text.duty_cycle
                0x000000000000dbcc        0x6 contiki-sky.a(contikimac.o)
 .text.init     0x000000000000dbd2       0x2a contiki-sky.a(contikimac.o)
 .text.on       0x000000000000dbfc       0x1a contiki-sky.a(contikimac.o)
 .text.off      0x000000000000dc16       0x22 contiki-sky.a(contikimac.o)
 .text.recv_burst_off
                0x000000000000dc38        0xa contiki-sky.a(contikimac.o)
 .text.turn_off
                0x000000000000dc42       0x20 contiki-sky.a(contikimac.o)
 .text.turn_on  0x000000000000dc62       0x30 contiki-sky.a(contikimac.o)
 .text.schedule_powercycle_fixed.part.4
                0x000000000000dc92       0x32 contiki-sky.a(contikimac.o)
 .text.powercycle_turn_radio_off
                0x000000000000dcc4       0x30 contiki-sky.a(contikimac.o)
 .text.powercycle_wrapper
                0x000000000000dcf4      0x1c2 contiki-sky.a(contikimac.o)
 .text.input_packet
                0x000000000000deb6       0xb2 contiki-sky.a(contikimac.o)
 .text.send_packet.isra.8
                0x000000000000df68      0x1ec contiki-sky.a(contikimac.o)
 .text.qsend_list
                0x000000000000e154       0xd2 contiki-sky.a(contikimac.o)
 .text.qsend_packet
                0x000000000000e226       0x28 contiki-sky.a(contikimac.o)
 .text.init     0x000000000000e24e        0x2 contiki-sky.a(nullsec.o)
 .text.send     0x000000000000e250        0xa contiki-sky.a(nullsec.o)
 .text.input    0x000000000000e25a        0x6 contiki-sky.a(nullsec.o)
 .text.spi_init
                0x000000000000e260       0x32 contiki-sky.a(spi.o)
                0x000000000000e260                spi_init
 .text.stimer_set
                0x000000000000e292       0x1c contiki-sky.a(stimer.o)
                0x000000000000e292                stimer_set
 .text.stimer_expired
                0x000000000000e2ae       0x30 contiki-sky.a(stimer.o)
                0x000000000000e2ae                stimer_expired
 .text.compower_accumulate
                0x000000000000e2de       0x72 contiki-sky.a(compower.o)
                0x000000000000e2de                compower_accumulate
 .text.compower_clear
                0x000000000000e350       0x12 contiki-sky.a(compower.o)
                0x000000000000e350                compower_clear
 .text.compower_attrconv
                0x000000000000e362       0x10 contiki-sky.a(compower.o)
                0x000000000000e362                compower_attrconv
 .text.echo_reply_input
                0x000000000000e372       0xb2 contiki-sky.a(uip-icmp6.o)
 .text.echo_request_input
                0x000000000000e424       0xca contiki-sky.a(uip-icmp6.o)
 .text.uip_icmp6_input
                0x000000000000e4ee       0x44 contiki-sky.a(uip-icmp6.o)
                0x000000000000e4ee                uip_icmp6_input
 .text.uip_icmp6_register_input_handler
                0x000000000000e532        0xc contiki-sky.a(uip-icmp6.o)
                0x000000000000e532                uip_icmp6_register_input_handler
 .text.uip_icmp6_error_output
                0x000000000000e53e      0x17c contiki-sky.a(uip-icmp6.o)
                0x000000000000e53e                uip_icmp6_error_output
 .text.uip_icmp6_send
                0x000000000000e6ba       0x96 contiki-sky.a(uip-icmp6.o)
                0x000000000000e6ba                uip_icmp6_send
 .text.uip_icmp6_init
                0x000000000000e750       0x12 contiki-sky.a(uip-icmp6.o)
                0x000000000000e750                uip_icmp6_init
 .text.update_nbr
                0x000000000000e762       0xea contiki-sky.a(rpl-nbr-policy.)
 .text.handle_periodic_timer
                0x000000000000e84c        0xe contiki-sky.a(rpl-nbr-policy.)
 .text.find_removable_dis
                0x000000000000e85a       0x16 contiki-sky.a(rpl-nbr-policy.)
                0x000000000000e85a                find_removable_dis
 .text.find_removable_dio
                0x000000000000e870       0x3e contiki-sky.a(rpl-nbr-policy.)
                0x000000000000e870                find_removable_dio
 .text.find_removable_dao
                0x000000000000e8ae       0x34 contiki-sky.a(rpl-nbr-policy.)
                0x000000000000e8ae                find_removable_dao
 .text.rpl_nbr_policy_find_removable
                0x000000000000e8e2       0x30 contiki-sky.a(rpl-nbr-policy.)
                0x000000000000e8e2                rpl_nbr_policy_find_removable
 .text.mac_sequence_is_duplicate
                0x000000000000e912       0x6e contiki-sky.a(mac-sequence.o)
                0x000000000000e912                mac_sequence_is_duplicate
 .text.mac_sequence_register_seqno
                0x000000000000e980       0x88 contiki-sky.a(mac-sequence.o)
                0x000000000000e980                mac_sequence_register_seqno
 .text.frame802154_get_pan_id
                0x000000000000ea08        0x6 contiki-sky.a(frame802154.o)
                0x000000000000ea08                frame802154_get_pan_id
 .text.frame802154_has_panid
                0x000000000000ea0e       0xdc contiki-sky.a(frame802154.o)
                0x000000000000ea0e                frame802154_has_panid
 .text.field_len
                0x000000000000eaea       0xb2 contiki-sky.a(frame802154.o)
 .text.frame802154_is_broadcast_addr
                0x000000000000eb9c       0x24 contiki-sky.a(frame802154.o)
                0x000000000000eb9c                frame802154_is_broadcast_addr
 .text.frame802154_hdrlen
                0x000000000000ebc0       0x32 contiki-sky.a(frame802154.o)
                0x000000000000ebc0                frame802154_hdrlen
 .text.frame802154_create_fcf
                0x000000000000ebf2       0x96 contiki-sky.a(frame802154.o)
                0x000000000000ebf2                frame802154_create_fcf
 .text.frame802154_create
                0x000000000000ec88       0xe4 contiki-sky.a(frame802154.o)
                0x000000000000ec88                frame802154_create
 .text.frame802154_parse_fcf
                0x000000000000ed6c       0xbe contiki-sky.a(frame802154.o)
                0x000000000000ed6c                frame802154_parse_fcf
 .text.frame802154_parse
                0x000000000000ee2a      0x18c contiki-sky.a(frame802154.o)
                0x000000000000ee2a                frame802154_parse
 .text.libgcc   0x000000000000efb6       0x2c /usr/lib/gcc/msp430/4.6.3/mmpy-16/libgcc.a(_mulsi3.o)
                0x000000000000efb6                __mulsi3
 .text.libgcc   0x000000000000efe2       0x22 /usr/lib/gcc/msp430/4.6.3/mmpy-16/libgcc.a(_udivmod16.o)
                0x000000000000efe2                __udivhi3
                0x000000000000efe2                __ext_udivmod16
                0x000000000000effc                __umodhi3
 .text.libgcc   0x000000000000f004       0x3a /usr/lib/gcc/msp430/4.6.3/mmpy-16/libgcc.a(_divmod16.o)
                0x000000000000f004                __ext_divmod16
                0x000000000000f004                __divhi3
                0x000000000000f036                __modhi3
 .text.libgcc   0x000000000000f03e       0x40 /usr/lib/gcc/msp430/4.6.3/mmpy-16/libgcc.a(_udivmod32.o)
                0x000000000000f03e                __udivsi3
                0x000000000000f03e                __ext_udivmod32
                0x000000000000f074                __umodsi3
 .text.libgcc   0x000000000000f07e       0x4c /usr/lib/gcc/msp430/4.6.3/mmpy-16/libgcc.a(_divmod32.o)
                0x000000000000f07e                __ext_divmod32
                0x000000000000f07e                __divsi3
                0x000000000000f0c0                __modsi3
 .text          0x000000000000f0ca       0x20 /usr/lib/gcc/msp430/4.6.3/../../../../msp430/lib/mmpy-16/libc.a(memcmp.o)
                0x000000000000f0ca                memcmp
 .text          0x000000000000f0ea       0xfa /usr/lib/gcc/msp430/4.6.3/../../../../msp430/lib/mmpy-16/libc.a(memcpy.o)
                0x000000000000f0ea                memcpy
 .text          0x000000000000f1e4       0xfa /usr/lib/gcc/msp430/4.6.3/../../../../msp430/lib/mmpy-16/libc.a(memmove.o)
                0x000000000000f1e4                memmove
 .text          0x000000000000f2de       0x6a /usr/lib/gcc/msp430/4.6.3/../../../../msp430/lib/mmpy-16/libc.a(memset.o)
                0x000000000000f2de                memset
 .text          0x000000000000f348       0x1e /usr/lib/gcc/msp430/4.6.3/../../../../msp430/lib/mmpy-16/libc.a(printf.o)
                0x000000000000f348                printf
                0x000000000000f358                vprintf
 .text          0x000000000000f366      0x836 /usr/lib/gcc/msp430/4.6.3/../../../../msp430/lib/mmpy-16/libc.a(vuprintf.o)
                0x000000000000f4fe                vuprintf
 .text          0x000000000000fb9c       0x2c /usr/lib/gcc/msp430/4.6.3/../../../../msp430/lib/mmpy-16/libc.a(puts.o)
                0x000000000000fb9c                puts
 .text          0x000000000000fbc8       0x54 /usr/lib/gcc/msp430/4.6.3/../../../../msp430/lib/mmpy-16/libc.a(rand.o)
                0x000000000000fbc8                rand_r
                0x000000000000fbec                rand
                0x000000000000fc12                srand
 .text.libgcc   0x000000000000fc1c       0xf0 /usr/lib/gcc/msp430/4.6.3/mmpy-16/libgcc.a(_udivmod64.o)
                0x000000000000fc1c                __xabi_udivmod64
                0x000000000000fc7a                __udivdi3
                0x000000000000fca0                __umoddi3
                0x000000000000fcce                __udivmoddi4
 .text.crt0     0x000000000000fd0c        0x2 /usr/lib/gcc/msp430/4.6.3/mmpy-16/libcrt0.a(_unexpected_.o)
                0x000000000000fd0c                _unexpected_
                0x000000000000fd0e                . = ALIGN (0x2)

.rodata         0x000000000000fd0e      0x3cc
                0x000000000000fd0e                . = ALIGN (0x2)
 *(.rodata .rodata.* .gnu.linkonce.r.*)
 .rodata        0x000000000000fd0e       0x7a unicast-receiver.co
                0x000000000000fd62                autostart_processes
 .rodata        0x000000000000fd88      0x130 obj_sky/contiki-sky-main.o
 .rodata        0x000000000000feb8       0x99 contiki-sky.a(servreg-hack.o)
 *fill*         0x000000000000ff51        0x1 00
 .rodata        0x000000000000ff52       0x10 contiki-sky.a(button-sensor.o)
                0x000000000000ff5a                button_sensor
 .rodata        0x000000000000ff62        0x8 contiki-sky.a(sensors.o)
 .rodata        0x000000000000ff6a       0x70 contiki-sky.a(cc2420.o)
                0x000000000000ff9c                cc2420_aes_128_driver
                0x000000000000ffa0                cc2420_driver
 .rodata        0x000000000000ffda        0xf contiki-sky.a(ctimer.o)
 .rodata        0x000000000000ffe9        0xc contiki-sky.a(etimer.o)
 *fill*         0x000000000000fff5        0x1 00
 .rodata        0x000000000000fff6       0x20 contiki-sky.a(uip6.o)
 .rodata        0x0000000000010016       0x24 contiki-sky.a(sicslowpan.o)
                0x0000000000010022                sicslowpan_driver
                0x0000000000010028                llprefix
                0x000000000001002a                unc_mxconf
                0x000000000001002e                unc_ctxconf
                0x0000000000010032                unc_llconf
 .rodata        0x000000000001003a       0x28 contiki-sky.a(uip-debug.o)
 .rodata        0x0000000000010062        0xd contiki-sky.a(tcpip.o)
 .rodata        0x000000000001006f       0x13 contiki-sky.a(simple-udp.o)
 .rodata        0x0000000000010082       0x14 contiki-sky.a(csma.o)
                0x0000000000010088                csma_driver
 .rodata        0x0000000000010096        0x6 contiki-sky.a(framer-802154.o)
                0x0000000000010096                framer_802154
 .rodata        0x000000000001009c        0x8 contiki-sky.a(linkaddr.o)
                0x000000000001009c                linkaddr_null
 .rodata        0x00000000000100a4       0x1c contiki-sky.a(contikimac.o)
                0x00000000000100b0                contikimac_driver
 .rodata        0x00000000000100c0       0x10 contiki-sky.a(nullsec.o)
                0x00000000000100c8                nullsec_driver
 .rodata        0x00000000000100d0        0x2 contiki-sky.a(frame802154.o)
 .rodata        0x00000000000100d2        0x7 /usr/lib/gcc/msp430/4.6.3/../../../../msp430/lib/mmpy-16/libc.a(vuprintf.o)
                0x00000000000100da                . = ALIGN (0x2)
 *fill*         0x00000000000100d9        0x1 00
                0x00000000000100da                _etext = .

.data           0x0000000000001100      0x112 load address 0x00000000000100da
                0x0000000000001100                . = ALIGN (0x2)
                0x0000000000001100                PROVIDE (__data_start, .)
 *(.data .data.* .gnu.linkonce.d.*)
 .data          0x0000000000001100        0xa unicast-receiver.co
                0x0000000000001100                unicast_receiver_process
 .data          0x000000000000110a       0x12 contiki-sky.a(servreg-hack.o)
                0x000000000000110a                servreg_hack_process
 .data          0x000000000000111c        0x4 contiki-sky.a(contiki-sky-pla)
                0x000000000000111c                sensors
 .data          0x0000000000001120        0xa contiki-sky.a(sensors.o)
                0x0000000000001120                sensors_process
 .data          0x000000000000112a        0xc contiki-sky.a(cc2420.o)
                0x000000000000112a                cc2420_process
 .data          0x0000000000001136        0x2 contiki-sky.a(msp430.o)
 .data          0x0000000000001138        0xa contiki-sky.a(ctimer.o)
                0x0000000000001138                ctimer_process
 .data          0x0000000000001142        0xa contiki-sky.a(etimer.o)
                0x0000000000001142                etimer_process
 .data          0x000000000000114c       0x22 contiki-sky.a(uip-ds6-route.o)
                0x000000000000114c                nbr_routes
 .data          0x000000000000116e        0xa contiki-sky.a(uip-ds6-nbr.o)
                0x000000000000116e                ds6_neighbors
 .data          0x0000000000001178        0x6 contiki-sky.a(uip-nd6.o)
 .data          0x000000000000117e        0xa contiki-sky.a(tcpip.o)
                0x000000000000117e                tcpip_process
 .data          0x0000000000001188        0xa contiki-sky.a(simple-udp.o)
                0x0000000000001188                simple_udp_process
 .data          0x0000000000001192        0xa contiki-sky.a(rpl-dag.o)
                0x0000000000001192                rpl_parents
 .data          0x000000000000119c       0x12 contiki-sky.a(rpl-mrhof.o)
                0x000000000000119c                rpl_mrhof
 .data          0x00000000000011ae       0x1a contiki-sky.a(rpl-icmp6.o)
 .data          0x00000000000011c8       0x18 contiki-sky.a(csma.o)
 .data          0x00000000000011e0       0x10 contiki-sky.a(queuebuf.o)
 .data          0x00000000000011f0        0x8 contiki-sky.a(nbr-table.o)
 .data          0x00000000000011f8        0x8 contiki-sky.a(link-stats.o)
 .data          0x0000000000001200        0xc contiki-sky.a(uip-icmp6.o)
 .data          0x000000000000120c        0x2 contiki-sky.a(frame802154.o)
 .data          0x000000000000120e        0x4 /usr/lib/gcc/msp430/4.6.3/../../../../msp430/lib/mmpy-16/libc.a(rand.o)
                0x0000000000001212                . = ALIGN (0x2)
                0x0000000000001212                _edata = .
                0x00000000000100da                PROVIDE (__data_load_start, LOADADDR (.data))
                0x0000000000000112                PROVIDE (__data_size, SIZEOF (.data))

.bss            0x0000000000001212     0x1fc4 load address 0x00000000000101ec
                0x0000000000001212                PROVIDE (__bss_start, .)
 *(.bss .bss.*)
 .bss           0x0000000000001212       0x2c unicast-receiver.co
 .bss           0x000000000000123e        0xc obj_sky/contiki-sky-main.o
 .bss           0x000000000000124a      0x1f2 contiki-sky.a(servreg-hack.o)
 .bss           0x000000000000143c        0x8 contiki-sky.a(button-sensor.o)
 .bss           0x0000000000001444        0x2 contiki-sky.a(node-id.o)
                0x0000000000001444                node_id
 .bss           0x0000000000001446        0x6 contiki-sky.a(sensors.o)
 .bss           0x000000000000144c        0xa contiki-sky.a(cc2420.o)
 .bss           0x0000000000001456       0x9a contiki-sky.a(uart1.o)
 .bss           0x00000000000014f0        0xa contiki-sky.a(clock.o)
 .bss           0x00000000000014fa        0x1 contiki-sky.a(leds.o)
 *fill*         0x00000000000014fb        0x1 00
 .bss           0x00000000000014fc        0x2 contiki-sky.a(watchdog.o)
 .bss           0x00000000000014fe        0x4 contiki-sky.a(ctimer.o)
 .bss           0x0000000000001502        0x6 contiki-sky.a(etimer.o)
 .bss           0x0000000000001508       0x38 contiki-sky.a(process.o)
                0x0000000000001508                process_current
                0x000000000000150a                process_list
 .bss           0x0000000000001540        0x2 contiki-sky.a(rtimer.o)
 .bss           0x0000000000001542       0x18 contiki-sky.a(uip-ds6.o)
 .bss           0x000000000000155a      0x2e2 contiki-sky.a(uip-ds6-route.o)
 .bss           0x000000000000183c        0xc contiki-sky.a(uip6.o)
                0x000000000000183c                uip_ext_opt_offset
                0x000000000000183e                uip_ext_len
                0x0000000000001840                uip_ext_bitmap
 .bss           0x0000000000001848      0x120 contiki-sky.a(uip-ds6-nbr.o)
 .bss           0x0000000000001968        0x8 contiki-sky.a(uip-nd6.o)
 .bss           0x0000000000001970      0x6e6 contiki-sky.a(sicslowpan.o)
 .bss           0x0000000000002056       0x30 contiki-sky.a(tcpip.o)
 .bss           0x0000000000002086       0xf2 contiki-sky.a(simple-udp.o)
 .bss           0x0000000000002178       0x60 contiki-sky.a(rpl-dag.o)
 .bss           0x00000000000021d8       0x18 contiki-sky.a(rpl-timers.o)
 .bss           0x00000000000021f0        0x2 contiki-sky.a(rpl.o)
 .bss           0x00000000000021f2       0xc0 contiki-sky.a(csma.o)
 .bss           0x00000000000022b2        0x2 contiki-sky.a(framer-802154.o)
 .bss           0x00000000000022b4      0x5a0 contiki-sky.a(queuebuf.o)
 .bss           0x0000000000002854       0xe4 contiki-sky.a(nbr-table.o)
 .bss           0x0000000000002938       0x86 contiki-sky.a(packetbuf.o)
 .bss           0x00000000000029be       0xa0 contiki-sky.a(link-stats.o)
 .bss           0x0000000000002a5e       0x32 contiki-sky.a(contikimac.o)
 .bss           0x0000000000002a90        0x8 contiki-sky.a(compower.o)
 .bss           0x0000000000002a98       0x14 contiki-sky.a(uip-icmp6.o)
 .bss           0x0000000000002aac       0x20 contiki-sky.a(rpl-nbr-policy.)
 .bss           0x0000000000002acc       0xe0 contiki-sky.a(mac-sequence.o)
 *(COMMON)
 COMMON         0x0000000000002bac        0x2 contiki-sky.a(contiki-sky-pla)
                0x0000000000002bac                sensors_flags
 COMMON         0x0000000000002bae        0x8 contiki-sky.a(ds2411.o)
                0x0000000000002bae                ds2411_id
 COMMON         0x0000000000002bb6        0x1 contiki-sky.a(sensors.o)
                0x0000000000002bb6                sensors_event
 *fill*         0x0000000000002bb7        0x1 00
 COMMON         0x0000000000002bb8       0x10 contiki-sky.a(cc2420.o)
                0x0000000000002bb8                cc2420_last_rssi
                0x0000000000002bba                cc2420_sfd_start_time
                0x0000000000002bbc                cc2420_time_of_departure
                0x0000000000002bbe                cc2420_time_of_arrival
                0x0000000000002bc0                cc2420_last_correlation
                0x0000000000002bc2                cc2420_authority_level_of_sender
                0x0000000000002bc4                cc2420_sfd_counter
                0x0000000000002bc6                cc2420_sfd_end_time
 COMMON         0x0000000000002bc8        0x2 contiki-sky.a(msp430.o)
                0x0000000000002bc8                msp430_dco_required
 COMMON         0x0000000000002bca       0x56 contiki-sky.a(energest.o)
                0x0000000000002bca                energest_total_time
                0x0000000000002bfa                energest_total_count
                0x0000000000002bfc                energest_current_mode
                0x0000000000002c08                energest_current_time
 COMMON         0x0000000000002c20        0x1 contiki-sky.a(process.o)
                0x0000000000002c20                process_maxevents
 *fill*         0x0000000000002c21        0x1 00
 COMMON         0x0000000000002c22      0x15c contiki-sky.a(uip-ds6.o)
                0x0000000000002c22                uip_ds6_timer_ra
                0x0000000000002c2a                uip_ds6_if
                0x0000000000002d16                uip_ds6_netif_addr_list_offset
                0x0000000000002d17                uip_ds6_addr_size
                0x0000000000002d18                uip_ds6_prefix_list
                0x0000000000002d72                uip_ds6_timer_periodic
 COMMON         0x0000000000002d7e      0x304 contiki-sky.a(uip6.o)
                0x0000000000002d7e                uip_len
                0x0000000000002d80                uip_sappdata
                0x0000000000002d82                uip_acc32
                0x0000000000002d86                uip_lladdr
                0x0000000000002d8e                uip_aligned_buf
                0x0000000000002e7e                uip_flags
                0x0000000000002e80                uip_next_hdr
                0x0000000000002e82                uip_udp_conn
                0x0000000000002e84                uip_appdata
                0x0000000000002e86                uip_conn
                0x0000000000002e88                uip_conns
                0x0000000000002f38                uip_listenports
                0x0000000000002f48                uip_slen
                0x0000000000002f4a                uip_udp_conns
 COMMON         0x0000000000003082        0x1 contiki-sky.a(tcpip.o)
                0x0000000000003082                tcpip_event
 *fill*         0x0000000000003083        0x1 00
 COMMON         0x0000000000003084      0x100 contiki-sky.a(rpl-dag.o)
                0x0000000000003084                default_instance
                0x0000000000003086                instance_table
 COMMON         0x0000000000003184       0x2e contiki-sky.a(packetbuf.o)
                0x0000000000003184                packetbuf_addrs
                0x0000000000003194                packetbuf_attrs
 COMMON         0x00000000000031b2        0x8 contiki-sky.a(linkaddr.o)
                0x00000000000031b2                linkaddr_node_addr
 COMMON         0x00000000000031ba       0x14 contiki-sky.a(link-stats.o)
                0x00000000000031ba                periodic_timer
 COMMON         0x00000000000031ce        0x8 contiki-sky.a(compower.o)
                0x00000000000031ce                compower_idle_activity
                0x00000000000031d6                . = ALIGN (0x2)
                0x00000000000031d6                PROVIDE (__bss_end, .)
                0x0000000000001fc4                PROVIDE (__bss_size, SIZEOF (.bss))

.noinit         0x00000000000031d6        0x2 load address 0x00000000000101ec
                0x00000000000031d6                PROVIDE (__noinit_start, .)
 *(.noinit .noinit.*)
 .noinit.crt0   0x00000000000031d6        0x2 /usr/lib/gcc/msp430/4.6.3/mmpy-16/libcrt0.a(__watchdog_support.o)
                0x00000000000031d6                __wdt_clear_value
                0x00000000000031d8                . = ALIGN (0x2)
                0x00000000000031d8                PROVIDE (__noinit_end, .)
                0x00000000000031d8                . = ALIGN (0x2)
                0x00000000000031d8                _end = .

.infomem        0x0000000000001000        0x0
 *(.infomem)